[32m[Nest] 23091  - [39m08/26/2026, 8:04:31 AM [32m    LOG[39m [38;5;3m[InfluxService] [39m[32mInflux URL: http://127.0.0.1:4566, Influx Org: meteringco[39m
[95m[Nest] 23091  - [39m08/26/2026, 8:04:31 AM [95m  DEBUG[39m [38;5;3m[TokenConsumerService] [39m[95mRetrieved customer: cus-2d83-harborline-prod from token cache with MeteringCoBusinessID: meteringco-production[39m
[95m[Nest] 23091  - [39m08/26/2026, 8:04:31 AM [95m  DEBUG[39m [38;5;3m[TokenConsumerService] [39m[95mRetrieved customer: cus-2d83-harborline-prod from token cache with MeteringCoBusinessID: meteringco-production[39m
[95m[Nest] 23091  - [39m08/26/2026, 8:04:31 AM [95m  DEBUG[39m [38;5;3m[TokenConsumerService] [39m[95mRetrieved customer: cus-2d83-harborline-prod from token cache with MeteringCoBusinessID: meteringco-production[39m
[95m[Nest] 23091  - [39m08/26/2026, 8:04:31 AM [95m  DEBUG[39m [38;5;3m[TokenConsumerService] [39m[95mRetrieved customer: cus-2d83-harborline-prod from token cache with MeteringCoBusinessID: meteringco-production[39m
[95m[Nest] 23091  - [39m08/26/2026, 8:04:31 AM [95m  DEBUG[39m [38;5;3m[TokenConsumerService] [39m[95mRetrieved customer: cus-2d83-harborline-prod from token cache with MeteringCoBusinessID: meteringco-production[39m
[95m[Nest] 23091  - [39m08/26/2026, 8:04:31 AM [95m  DEBUG[39m [38;5;3m[TokenConsumerService] [39m[95mRetrieved customer: cus-2d83-harborline-prod from token cache with MeteringCoBusinessID: meteringco-production[39m
[95m[Nest] 23091  - [39m08/26/2026, 8:04:31 AM [95m  DEBUG[39m [38;5;3m[TokenConsumerService] [39m[95mRetrieved customer: cus-2d83-harborline-prod from token cache with MeteringCoBusinessID: meteringco-production[39m
[95m[Nest] 23091  - [39m08/26/2026, 8:04:31 AM [95m  DEBUG[39m [38;5;3m[TokenConsumerService] [39m[95mRetrieved customer: cus-2d83-harborline-prod from token cache with MeteringCoBusinessID: meteringco-production[39m
[32m[Nest] 23091  - [39m08/26/2026, 8:04:32 AM [32m    LOG[39m [38;5;3m[TokenConsumerAsyncProcessor] [39m[32mProcessing Aggregation for meteringco apiCall metering[39m
[32m[Nest] 23091  - [39m08/26/2026, 8:04:32 AM [32m    LOG[39m [38;5;3m[TokenConsumerAsyncProcessor] [39m[32mObject:[39m
{
  "data": {
    "businessID": "harborline-freight",
    "subject": "auth0|harborline-ops-6d21",
    "dimensionType": "aggregation-processor",
    "startDate": "2026-08-25T20:04:28.564Z",
    "endDate": "2026-08-26T02:04:28.564Z",
    "rate": "0 */6 * * *",
    "scheduleParameters": {
      "businessID": "harborline-freight",
      "subject": "auth0|harborline-ops-6d21",
      "dimensionType": "aggregation-processor",
      "startDate": "2026-08-25T20:04:28.564Z",
      "endDate": "2026-08-26T02:04:28.564Z"
    }
  }
}

[95m[Nest] 23091  - [39m08/26/2026, 8:04:32 AM [95m  DEBUG[39m [38;5;3m[TokenConsumerService] [39m[95mRetrieved customer: cus-2d83-harborline-prod from token cache with MeteringCoBusinessID: meteringco-production[39m
[95m[Nest] 23091  - [39m08/26/2026, 8:04:32 AM [95m  DEBUG[39m [38;5;3m[TokenConsumerService] [39m[95mMetering Token for businessID: meteringco-production, purpose: apiCall[39m
[32m[Nest] 23091  - [39m08/26/2026, 8:04:32 AM [32m    LOG[39m [38;5;3m[UserEntitlements] [39m[32mGetting MeteringCo Customer: meteringco-production[39m
[95m[Nest] 23091  - [39m08/26/2026, 8:04:32 AM [95m  DEBUG[39m [38;5;3m[UserEntitlements] [39m[95mInflux Result Length: 2[39m
[95m[Nest] 23091  - [39m08/26/2026, 8:04:32 AM [95m  DEBUG[39m [38;5;3m[UserEntitlements] [39m[95mMeteringCo Customer Metadata: {"businessID":"harborline-staging"}[39m
[95m[Nest] 23091  - [39m08/26/2026, 8:04:32 AM [95m  DEBUG[39m [38;5;3m[UserEntitlements] [39m[95mMeteringCo Customer BusinessID: harborline-staging[39m
[95m[Nest] 23091  - [39m08/26/2026, 8:04:32 AM [95m  DEBUG[39m [38;5;3m[UserEntitlements] [39m[95mMeteringCo Customer Metadata: {"businessID":"harborline-freight"}[39m
[95m[Nest] 23091  - [39m08/26/2026, 8:04:32 AM [95m  DEBUG[39m [38;5;3m[UserEntitlements] [39m[95mMeteringCo Customer BusinessID: harborline-freight[39m
[33m[Nest] 23091  - [39m08/26/2026, 8:04:32 AM [33m   WARN[39m [38;5;3m[UserEntitlements] [39m[33mNo MeteringCo Customer found for BusinessID: meteringco-production[39m
[31m[Nest] 23091  - [39m08/26/2026, 8:04:32 AM [31m  ERROR[39m [38;5;3m[TokenConsumerService] [39m[31mNo customer found for businessID: meteringco-production[39m
[95m[Nest] 23091  - [39m08/26/2026, 8:04:32 AM [95m  DEBUG[39m [38;5;3m[TokenConsumerService] [39m[95mResolved platform businessID meteringco-production directly via getMeteringCoCustomers[39m
[95m[Nest] 23091  - [39m08/26/2026, 8:04:32 AM [95m  DEBUG[39m [38;5;3m[TokenConsumerService] [39m[95mMetering Token for meteringco customerId: cus-2d83-harborline-prod[39m
[95m[Nest] 23091  - [39m08/26/2026, 8:04:32 AM [95m  DEBUG[39m [38;5;3m[TokenConsumerService] [39m[95mRetrieved customer: cus-2d83-harborline-prod from token cache with MeteringCoBusinessID: meteringco-production[39m
[95m[Nest] 23091  - [39m08/26/2026, 8:04:32 AM [95m  DEBUG[39m [38;5;3m[TokenConsumerService] [39m[95mRetrieved customer: cus-2d83-harborline-prod from token cache with MeteringCoBusinessID: meteringco-production[39m
[95m[Nest] 23091  - [39m08/26/2026, 8:04:32 AM [95m  DEBUG[39m [38;5;3m[TokenConsumerService] [39m[95mRetrieved customer: cus-2d83-harborline-prod from token cache with MeteringCoBusinessID: meteringco-production[39m
[95m[Nest] 23091  - [39m08/26/2026, 8:04:32 AM [95m  DEBUG[39m [38;5;3m[TokenConsumerService] [39m[95mRetrieved customer: cus-2d83-harborline-prod from token cache with MeteringCoBusinessID: meteringco-production[39m
[95m[Nest] 23091  - [39m08/26/2026, 8:04:32 AM [95m  DEBUG[39m [38;5;3m[TokenConsumerService] [39m[95mRetrieved customer: cus-2d83-harborline-prod from token cache with MeteringCoBusinessID: meteringco-production[39m
[95m[Nest] 23091  - [39m08/26/2026, 8:04:32 AM [95m  DEBUG[39m [38;5;3m[TokenConsumerService] [39m[95mRetrieved customer: cus-2d83-harborline-prod from token cache with MeteringCoBusinessID: meteringco-production[39m
[95m[Nest] 23091  - [39m08/26/2026, 8:04:32 AM [95m  DEBUG[39m [38;5;3m[TokenConsumerService] [39m[95mRetrieved customer: cus-6a17-harborline-alt from token cache with MeteringCoBusinessID: meteringco-sandbox[39m
[32m[Nest] 23091  - [39m08/26/2026, 8:04:32 AM [32m    LOG[39m [38;5;3m[TokenConsumerAsyncProcessor] [39m[32mProcessing Aggregation for meteringco apiCall metering[39m
[32m[Nest] 23091  - [39m08/26/2026, 8:04:32 AM [32m    LOG[39m [38;5;3m[TokenConsumerAsyncProcessor] [39m[32mObject:[39m
{
  "data": {
    "businessID": "harborline-freight",
    "subject": "auth0|harborline-ops-6d21",
    "dimensionType": "aggregation-processor",
    "startDate": "2026-08-26T02:04:28.564Z",
    "endDate": "2026-08-26T10:04:28.564Z",
    "rate": "0 */6 * * *",
    "scheduleParameters": {
      "businessID": "harborline-freight",
      "subject": "auth0|harborline-ops-6d21",
      "dimensionType": "aggregation-processor",
      "startDate": "2026-08-26T02:04:28.564Z",
      "endDate": "2026-08-26T10:04:28.564Z"
    }
  }
}

[95m[Nest] 23091  - [39m08/26/2026, 8:04:32 AM [95m  DEBUG[39m [38;5;3m[TokenConsumerService] [39m[95mRetrieved customer: cus-2d83-harborline-prod from token cache with MeteringCoBusinessID: meteringco-production[39m
[95m[Nest] 23091  - [39m08/26/2026, 8:04:32 AM [95m  DEBUG[39m [38;5;3m[TokenConsumerService] [39m[95mMetering Token for businessID: meteringco-production, purpose: apiCall[39m
[32m[Nest] 23091  - [39m08/26/2026, 8:04:32 AM [32m    LOG[39m [38;5;3m[UserEntitlements] [39m[32mGetting MeteringCo Customer: meteringco-production[39m
[95m[Nest] 23091  - [39m08/26/2026, 8:04:32 AM [95m  DEBUG[39m [38;5;3m[UserEntitlements] [39m[95mInflux Result Length: 2[39m
[95m[Nest] 23091  - [39m08/26/2026, 8:04:32 AM [95m  DEBUG[39m [38;5;3m[UserEntitlements] [39m[95mMeteringCo Customer Metadata: {"businessID":"harborline-staging"}[39m
[95m[Nest] 23091  - [39m08/26/2026, 8:04:32 AM [95m  DEBUG[39m [38;5;3m[UserEntitlements] [39m[95mMeteringCo Customer BusinessID: harborline-staging[39m
[95m[Nest] 23091  - [39m08/26/2026, 8:04:32 AM [95m  DEBUG[39m [38;5;3m[UserEntitlements] [39m[95mMeteringCo Customer Metadata: {"businessID":"harborline-freight"}[39m
[95m[Nest] 23091  - [39m08/26/2026, 8:04:32 AM [95m  DEBUG[39m [38;5;3m[UserEntitlements] [39m[95mMeteringCo Customer BusinessID: harborline-freight[39m
[33m[Nest] 23091  - [39m08/26/2026, 8:04:32 AM [33m   WARN[39m [38;5;3m[UserEntitlements] [39m[33mNo MeteringCo Customer found for BusinessID: meteringco-production[39m
[31m[Nest] 23091  - [39m08/26/2026, 8:04:32 AM [31m  ERROR[39m [38;5;3m[TokenConsumerService] [39m[31mNo customer found for businessID: meteringco-production[39m
[95m[Nest] 23091  - [39m08/26/2026, 8:04:32 AM [95m  DEBUG[39m [38;5;3m[TokenConsumerService] [39m[95mResolved platform businessID meteringco-production directly via getMeteringCoCustomers[39m
[95m[Nest] 23091  - [39m08/26/2026, 8:04:32 AM [95m  DEBUG[39m [38;5;3m[TokenConsumerService] [39m[95mMetering Token for meteringco customerId: cus-2d83-harborline-prod[39m
[32m[Nest] 23091  - [39m08/26/2026, 8:04:33 AM [32m    LOG[39m [38;5;3m[TokenConsumerAsyncProcessor] [39m[32mProcessing Aggregation for meteringco apiCall metering[39m
[32m[Nest] 23091  - [39m08/26/2026, 8:04:33 AM [32m    LOG[39m [38;5;3m[TokenConsumerAsyncProcessor] [39m[32mObject:[39m
{
  "data": {
    "businessID": "harborline-staging",
    "subject": "auth0|harborline-ops-6d21",
    "dimensionType": "aggregation-processor",
    "startDate": "2026-08-26T02:04:28.564Z",
    "endDate": "2026-08-26T10:04:28.564Z",
    "rate": "0 */6 * * *",
    "scheduleParameters": {
      "businessID": "harborline-staging",
      "subject": "auth0|harborline-ops-6d21",
      "dimensionType": "aggregation-processor",
      "startDate": "2026-08-26T02:04:28.564Z",
      "endDate": "2026-08-26T10:04:28.564Z"
    }
  }
}

[95m[Nest] 23091  - [39m08/26/2026, 8:04:33 AM [95m  DEBUG[39m [38;5;3m[TokenConsumerService] [39m[95mRetrieved customer: cus-6a17-harborline-alt from token cache with MeteringCoBusinessID: meteringco-sandbox[39m
[95m[Nest] 23091  - [39m08/26/2026, 8:04:33 AM [95m  DEBUG[39m [38;5;3m[TokenConsumerService] [39m[95mMetering Token for businessID: meteringco-sandbox, purpose: apiCall[39m
[32m[Nest] 23091  - [39m08/26/2026, 8:04:33 AM [32m    LOG[39m [38;5;3m[UserEntitlements] [39m[32mGetting MeteringCo Customer: meteringco-sandbox[39m
[95m[Nest] 23091  - [39m08/26/2026, 8:04:33 AM [95m  DEBUG[39m [38;5;3m[UserEntitlements] [39m[95mInflux Result Length: 2[39m
[95m[Nest] 23091  - [39m08/26/2026, 8:04:33 AM [95m  DEBUG[39m [38;5;3m[UserEntitlements] [39m[95mMeteringCo Customer Metadata: {"businessID":"harborline-staging"}[39m
[95m[Nest] 23091  - [39m08/26/2026, 8:04:33 AM [95m  DEBUG[39m [38;5;3m[UserEntitlements] [39m[95mMeteringCo Customer BusinessID: harborline-staging[39m
[95m[Nest] 23091  - [39m08/26/2026, 8:04:33 AM [95m  DEBUG[39m [38;5;3m[UserEntitlements] [39m[95mMeteringCo Customer Metadata: {"businessID":"harborline-freight"}[39m
[95m[Nest] 23091  - [39m08/26/2026, 8:04:33 AM [95m  DEBUG[39m [38;5;3m[UserEntitlements] [39m[95mMeteringCo Customer BusinessID: harborline-freight[39m
[33m[Nest] 23091  - [39m08/26/2026, 8:04:33 AM [33m   WARN[39m [38;5;3m[UserEntitlements] [39m[33mNo MeteringCo Customer found for BusinessID: meteringco-sandbox[39m
[31m[Nest] 23091  - [39m08/26/2026, 8:04:33 AM [31m  ERROR[39m [38;5;3m[TokenConsumerService] [39m[31mNo customer found for businessID: meteringco-sandbox[39m
[95m[Nest] 23091  - [39m08/26/2026, 8:04:33 AM [95m  DEBUG[39m [38;5;3m[TokenConsumerService] [39m[95mResolved platform businessID meteringco-sandbox directly via getMeteringCoCustomers[39m
[95m[Nest] 23091  - [39m08/26/2026, 8:04:33 AM [95m  DEBUG[39m [38;5;3m[TokenConsumerService] [39m[95mMetering Token for meteringco customerId: cus-6a17-harborline-alt[39m
[95m[Nest] 23091  - [39m08/26/2026, 8:04:33 AM [95m  DEBUG[39m [38;5;3m[TokenConsumerService] [39m[95mRetrieved customer: cus-2d83-harborline-prod from token cache with MeteringCoBusinessID: meteringco-production[39m
