files the submission wrote or changed: 10
(node:4745) [DEP0060] DeprecationWarning: The `util._extend` API is deprecated. Please use Object.assign() instead.
(Use `node --trace-deprecation ...` to show where the warning was created)
candidate: NetworkEgressDataGathererService.handleEc2NetworkEgress in src/microservices/networkEgressDataGatherer/networkEgressDataGatherer.service.ts (rank 4)
candidate: NetworkEgressDataGathererService.handleEc2NetworkOut in src/microservices/networkEgressDataGatherer/networkEgressDataGatherer.service.ts (rank 4)
candidate: NetworkEgressDataGathererService.handleInstanceNetworkEgress in src/microservices/networkEgressDataGatherer/networkEgressDataGatherer.service.ts (rank 4)
candidate: NetworkEgressDataGathererService.handleNetworkEgress in src/microservices/networkEgressDataGatherer/networkEgressDataGatherer.service.ts (rank 4)
candidate: NetworkEgressDataGathererService.handleNetworkOut in src/microservices/networkEgressDataGatherer/networkEgressDataGatherer.service.ts (rank 4)
candidate: NetworkEgressDataGathererService.readOperationJob in src/microservices/networkEgressDataGatherer/networkEgressDataGatherer.service.ts (rank 3)
candidate: DimensionsService.create in src/dimensions/dimensions.service.ts (rank 1)
candidate: DimensionsService.createKeyForManagedInfraDimensionSchedule in src/dimensions/dimensions.service.ts (rank 1)
candidate: DimensionsService.findAll in src/dimensions/dimensions.service.ts (rank 1)
candidate: DimensionsService.findByMeasurementId in src/dimensions/dimensions.service.ts (rank 1)
candidate: DimensionsService.findOne in src/dimensions/dimensions.service.ts (rank 1)
candidate: DimensionsService.remove in src/dimensions/dimensions.service.ts (rank 1)
candidate: DimensionsService.removeAll in src/dimensions/dimensions.service.ts (rank 1)
candidate: DimensionsService.ressourceTypeToDimensionType in src/dimensions/dimensions.service.ts (rank 1)
candidate: DimensionsService.transformDtoToEntityInput in src/dimensions/dimensions.service.ts (rank 1)
candidate: DimensionsService.update in src/dimensions/dimensions.service.ts (rank 1)
candidate: MeasurementConfigService.create in src/measurement-config/measurement-config.service.ts (rank 1)
candidate: MeasurementConfigService.createMeasurementConfig in src/measurement-config/measurement-config.service.ts (rank 1)
candidate: MeasurementConfigService.findAll in src/measurement-config/measurement-config.service.ts (rank 1)
candidate: MeasurementConfigService.findOne in src/measurement-config/measurement-config.service.ts (rank 1)
candidate: MeasurementConfigService.remove in src/measurement-config/measurement-config.service.ts (rank 1)
candidate: MeasurementConfigService.update in src/measurement-config/measurement-config.service.ts (rank 1)
candidate: MeasurementConfigService.validateIntelligentMeasurement in src/measurement-config/measurement-config.service.ts (rank 1)
[32m[Nest] 4745  - [39m08/26/2026, 7:08:44 AM [32m    LOG[39m [38;5;3m[NetworkEgressDataGathererService] [39m[32mProcessing Network Egress gathering event[39m
[32m[Nest] 4745  - [39m08/26/2026, 7:08:44 AM [32m    LOG[39m [38;5;3m[NetworkEgressDataGathererService] [39m[32m{"rate":"*/5 * * * *","businessID":"biz-tessellate","externalId":"tes-hld-8821","subject":"biz-tessellate","dimensionId":"dim_hld_transfer","region":"us-east-1"}[39m
[32m[Nest] 4745  - [39m08/26/2026, 7:08:45 AM [32m    LOG[39m [38;5;3m[NetworkEgressDataGathererService] [39m[32mFinished collecting Network Egress data[39m
[32m[Nest] 4745  - [39m08/26/2026, 7:08:45 AM [32m    LOG[39m [38;5;3m[NetworkEgressDataGathererService] [39m[32mObject:[39m
{
  "customerCount": 6,
  "instanceCount": 10
}

NetworkEgressDataGathererService.handleEc2NetworkEgress: 6 row(s)
driving NetworkEgressDataGathererService.handleEc2NetworkEgress from src/microservices/networkEgressDataGatherer/networkEgressDataGatherer.service.ts
[transfer] 6 row(s)
[32m[Nest] 4745  - [39m08/26/2026, 7:08:45 AM [32m    LOG[39m [38;5;3m[NetworkEgressDataGathererService] [39m[32mProcessing Network Egress gathering event[39m
[32m[Nest] 4745  - [39m08/26/2026, 7:08:45 AM [32m    LOG[39m [38;5;3m[NetworkEgressDataGathererService] [39m[32m{"rate":"*/5 * * * *","businessID":"biz-tessellate","externalId":"tes-hld-8821","subject":"biz-tessellate","dimensionId":"dim_hld_replica","region":"us-east-1"}[39m
[32m[Nest] 4745  - [39m08/26/2026, 7:08:45 AM [32m    LOG[39m [38;5;3m[NetworkEgressDataGathererService] [39m[32mFinished collecting Network Egress data[39m
[32m[Nest] 4745  - [39m08/26/2026, 7:08:45 AM [32m    LOG[39m [38;5;3m[NetworkEgressDataGathererService] [39m[32mObject:[39m
{
  "customerCount": 2,
  "instanceCount": 2
}

[replica] 2 row(s)
