[32m[Nest] 3134  - [39m08/26/2026, 7:19:40 AM [32m    LOG[39m [38;5;3m[InfluxService] [39m[32mInflux URL: http://127.0.0.1:4566, Influx Org: meteringco[39m
[95m[Nest] 3134  - [39m08/26/2026, 7:19:40 AM [95m  DEBUG[39m [38;5;3m[TokenConsumerService] [39m[95mRetrieved customer: cus-2d83-harborline-prod from token cache with MeteringCoBusinessID: meteringco-production[39m
[95m[Nest] 3134  - [39m08/26/2026, 7:19:40 AM [95m  DEBUG[39m [38;5;3m[TokenConsumerService] [39m[95mRetrieved customer: cus-2d83-harborline-prod from token cache with MeteringCoBusinessID: meteringco-production[39m
[95m[Nest] 3134  - [39m08/26/2026, 7:19:40 AM [95m  DEBUG[39m [38;5;3m[TokenConsumerService] [39m[95mRetrieved customer: cus-2d83-harborline-prod from token cache with MeteringCoBusinessID: meteringco-production[39m
[95m[Nest] 3134  - [39m08/26/2026, 7:19:40 AM [95m  DEBUG[39m [38;5;3m[TokenConsumerService] [39m[95mRetrieved customer: cus-2d83-harborline-prod from token cache with MeteringCoBusinessID: meteringco-production[39m
[95m[Nest] 3134  - [39m08/26/2026, 7:19:40 AM [95m  DEBUG[39m [38;5;3m[TokenConsumerService] [39m[95mRetrieved customer: cus-2d83-harborline-prod from token cache with MeteringCoBusinessID: meteringco-production[39m
[95m[Nest] 3134  - [39m08/26/2026, 7:19:40 AM [95m  DEBUG[39m [38;5;3m[TokenConsumerService] [39m[95mRetrieved customer: cus-2d83-harborline-prod from token cache with MeteringCoBusinessID: meteringco-production[39m
[95m[Nest] 3134  - [39m08/26/2026, 7:19:40 AM [95m  DEBUG[39m [38;5;3m[TokenConsumerService] [39m[95mRetrieved customer: cus-2d83-harborline-prod from token cache with MeteringCoBusinessID: meteringco-production[39m
[95m[Nest] 3134  - [39m08/26/2026, 7:19:40 AM [95m  DEBUG[39m [38;5;3m[TokenConsumerService] [39m[95mRetrieved customer: cus-2d83-harborline-prod from token cache with MeteringCoBusinessID: meteringco-production[39m
[32m[Nest] 3134  - [39m08/26/2026, 7:19:40 AM [32m    LOG[39m [38;5;3m[TokenConsumerAsyncProcessor] [39m[32mProcessing Aggregation Token event[39m
[32m[Nest] 3134  - [39m08/26/2026, 7:19:40 AM [32m    LOG[39m [38;5;3m[TokenConsumerAsyncProcessor] [39m[32mObject:[39m
{
  "businessID": "harborline-freight",
  "subject": "auth0|harborline-ops-6d21",
  "startDate": "2026-08-25T19:19:35.710Z",
  "endDate": "2026-08-26T01:19:35.710Z"
}

[95m[Nest] 3134  - [39m08/26/2026, 7:19:40 AM [95m  DEBUG[39m [38;5;3m[TokenConsumerService] [39m[95mRetrieved customer: cus-2d83-harborline-prod from token cache with MeteringCoBusinessID: meteringco-production[39m
[95m[Nest] 3134  - [39m08/26/2026, 7:19:40 AM [95m  DEBUG[39m [38;5;3m[TokenConsumerService] [39m[95mMetering Token for businessID: harborline-freight, purpose: apiCall[39m
[95m[Nest] 3134  - [39m08/26/2026, 7:19:40 AM [95m  DEBUG[39m [38;5;3m[TokenConsumerService] [39m[95mRetrieved customer: cus-2d83-harborline-prod from token cache with MeteringCoBusinessID: meteringco-production[39m
[95m[Nest] 3134  - [39m08/26/2026, 7:19:40 AM [95m  DEBUG[39m [38;5;3m[TokenConsumerService] [39m[95mMetering Token for meteringco customerId: cus-2d83-harborline-prod[39m
[32m[Nest] 3134  - [39m08/26/2026, 7:19:40 AM [32m    LOG[39m [38;5;3m[TokenConsumerAsyncProcessor] [39m[32mAggregation result[39m
[32m[Nest] 3134  - [39m08/26/2026, 7:19:40 AM [32m    LOG[39m [38;5;3m[TokenConsumerAsyncProcessor] [39m[32mObject:[39m
{
  "billed": true,
  "amount": 0.008
}

[95m[Nest] 3134  - [39m08/26/2026, 7:19:40 AM [95m  DEBUG[39m [38;5;3m[TokenConsumerService] [39m[95mRetrieved customer: cus-2d83-harborline-prod from token cache with MeteringCoBusinessID: meteringco-production[39m
[95m[Nest] 3134  - [39m08/26/2026, 7:19:40 AM [95m  DEBUG[39m [38;5;3m[TokenConsumerService] [39m[95mRetrieved customer: cus-2d83-harborline-prod from token cache with MeteringCoBusinessID: meteringco-production[39m
[95m[Nest] 3134  - [39m08/26/2026, 7:19:40 AM [95m  DEBUG[39m [38;5;3m[TokenConsumerService] [39m[95mRetrieved customer: cus-2d83-harborline-prod from token cache with MeteringCoBusinessID: meteringco-production[39m
[95m[Nest] 3134  - [39m08/26/2026, 7:19:40 AM [95m  DEBUG[39m [38;5;3m[TokenConsumerService] [39m[95mRetrieved customer: cus-2d83-harborline-prod from token cache with MeteringCoBusinessID: meteringco-production[39m
[95m[Nest] 3134  - [39m08/26/2026, 7:19:40 AM [95m  DEBUG[39m [38;5;3m[TokenConsumerService] [39m[95mRetrieved customer: cus-2d83-harborline-prod from token cache with MeteringCoBusinessID: meteringco-production[39m
[95m[Nest] 3134  - [39m08/26/2026, 7:19:40 AM [95m  DEBUG[39m [38;5;3m[TokenConsumerService] [39m[95mRetrieved customer: cus-2d83-harborline-prod from token cache with MeteringCoBusinessID: meteringco-production[39m
[95m[Nest] 3134  - [39m08/26/2026, 7:19:41 AM [95m  DEBUG[39m [38;5;3m[TokenConsumerService] [39m[95mRetrieved customer: cus-6a17-harborline-alt from token cache with MeteringCoBusinessID: meteringco-sandbox[39m
[32m[Nest] 3134  - [39m08/26/2026, 7:19:41 AM [32m    LOG[39m [38;5;3m[TokenConsumerAsyncProcessor] [39m[32mProcessing Aggregation Token event[39m
[32m[Nest] 3134  - [39m08/26/2026, 7:19:41 AM [32m    LOG[39m [38;5;3m[TokenConsumerAsyncProcessor] [39m[32mObject:[39m
{
  "businessID": "harborline-freight",
  "subject": "auth0|harborline-ops-6d21",
  "startDate": "2026-08-26T01:19:35.710Z",
  "endDate": "2026-08-26T09:19:35.710Z"
}

[95m[Nest] 3134  - [39m08/26/2026, 7:19:41 AM [95m  DEBUG[39m [38;5;3m[TokenConsumerService] [39m[95mRetrieved customer: cus-2d83-harborline-prod from token cache with MeteringCoBusinessID: meteringco-production[39m
[95m[Nest] 3134  - [39m08/26/2026, 7:19:41 AM [95m  DEBUG[39m [38;5;3m[TokenConsumerService] [39m[95mMetering Token for businessID: harborline-freight, purpose: apiCall[39m
[95m[Nest] 3134  - [39m08/26/2026, 7:19:41 AM [95m  DEBUG[39m [38;5;3m[TokenConsumerService] [39m[95mRetrieved customer: cus-2d83-harborline-prod from token cache with MeteringCoBusinessID: meteringco-production[39m
[95m[Nest] 3134  - [39m08/26/2026, 7:19:41 AM [95m  DEBUG[39m [38;5;3m[TokenConsumerService] [39m[95mMetering Token for meteringco customerId: cus-2d83-harborline-prod[39m
[32m[Nest] 3134  - [39m08/26/2026, 7:19:41 AM [32m    LOG[39m [38;5;3m[TokenConsumerAsyncProcessor] [39m[32mAggregation result[39m
[32m[Nest] 3134  - [39m08/26/2026, 7:19:41 AM [32m    LOG[39m [38;5;3m[TokenConsumerAsyncProcessor] [39m[32mObject:[39m
{
  "billed": true,
  "amount": 0.003
}

[32m[Nest] 3134  - [39m08/26/2026, 7:19:41 AM [32m    LOG[39m [38;5;3m[TokenConsumerAsyncProcessor] [39m[32mProcessing Aggregation Token event[39m
[32m[Nest] 3134  - [39m08/26/2026, 7:19:41 AM [32m    LOG[39m [38;5;3m[TokenConsumerAsyncProcessor] [39m[32mObject:[39m
{
  "businessID": "harborline-staging",
  "subject": "auth0|harborline-ops-6d21",
  "startDate": "2026-08-26T01:19:35.710Z",
  "endDate": "2026-08-26T09:19:35.710Z"
}

[95m[Nest] 3134  - [39m08/26/2026, 7:19:41 AM [95m  DEBUG[39m [38;5;3m[TokenConsumerService] [39m[95mRetrieved customer: cus-6a17-harborline-alt from token cache with MeteringCoBusinessID: meteringco-sandbox[39m
[95m[Nest] 3134  - [39m08/26/2026, 7:19:41 AM [95m  DEBUG[39m [38;5;3m[TokenConsumerService] [39m[95mMetering Token for businessID: harborline-staging, purpose: apiCall[39m
[95m[Nest] 3134  - [39m08/26/2026, 7:19:41 AM [95m  DEBUG[39m [38;5;3m[TokenConsumerService] [39m[95mRetrieved customer: cus-6a17-harborline-alt from token cache with MeteringCoBusinessID: meteringco-sandbox[39m
[95m[Nest] 3134  - [39m08/26/2026, 7:19:41 AM [95m  DEBUG[39m [38;5;3m[TokenConsumerService] [39m[95mMetering Token for meteringco customerId: cus-6a17-harborline-alt[39m
[32m[Nest] 3134  - [39m08/26/2026, 7:19:41 AM [32m    LOG[39m [38;5;3m[TokenConsumerAsyncProcessor] [39m[32mAggregation result[39m
[32m[Nest] 3134  - [39m08/26/2026, 7:19:41 AM [32m    LOG[39m [38;5;3m[TokenConsumerAsyncProcessor] [39m[32mObject:[39m
{
  "billed": true,
  "amount": 0.001
}

