Starting a Generic Express Application for STAGE: local
process.env.INFLUX_URL: http://127.0.0.1:4566
process.env.INFLUX_ORG: meteringco
process.env.REDIS_URL: undefined
process.env.REDIS_PORT: undefined
process.env.AUTH0_ISSUER_URL: https://auth.meteringco.example/
(node:3640) [DEP0060] DeprecationWarning: The `util._extend` API is deprecated. Please use Object.assign() instead.
(Use `node --trace-deprecation ...` to show where the warning was created)
[32m[Nest] 3640  - [39m08/26/2026, 6:51:47 AM [32m    LOG[39m [38;5;3m[NestFactory] [39m[32mStarting Nest application...[39m
[32m[Nest] 3640  - [39m08/26/2026, 6:51:47 AM [32m    LOG[39m [38;5;3m[InfluxService] [39m[32mInflux URL: http://127.0.0.1:4566, Influx Org: meteringco[39m
[32m[Nest] 3640  - [39m08/26/2026, 6:51:47 AM [32m    LOG[39m [38;5;3m[InstanceLoader] [39m[32mInfluxModule dependencies initialized[39m[38;5;3m +14ms[39m
[32m[Nest] 3640  - [39m08/26/2026, 6:51:47 AM [32m    LOG[39m [38;5;3m[InstanceLoader] [39m[32mPassportModule dependencies initialized[39m[38;5;3m +1ms[39m
[32m[Nest] 3640  - [39m08/26/2026, 6:51:47 AM [32m    LOG[39m [38;5;3m[InstanceLoader] [39m[32mBullModule dependencies initialized[39m[38;5;3m +0ms[39m
[32m[Nest] 3640  - [39m08/26/2026, 6:51:47 AM [32m    LOG[39m [38;5;3m[InstanceLoader] [39m[32mEbsVolumeDataGathererModule dependencies initialized[39m[38;5;3m +0ms[39m
[32m[Nest] 3640  - [39m08/26/2026, 6:51:47 AM [32m    LOG[39m [38;5;3m[InstanceLoader] [39m[32mEc2InstanceDataGathererModule dependencies initialized[39m[38;5;3m +0ms[39m
[32m[Nest] 3640  - [39m08/26/2026, 6:51:47 AM [32m    LOG[39m [38;5;3m[InstanceLoader] [39m[32mEbsSnapshotDataGathererModule dependencies initialized[39m[38;5;3m +0ms[39m
[32m[Nest] 3640  - [39m08/26/2026, 6:51:47 AM [32m    LOG[39m [38;5;3m[InstanceLoader] [39m[32mEc2EgressDataGathererModule dependencies initialized[39m[38;5;3m +0ms[39m
[32m[Nest] 3640  - [39m08/26/2026, 6:51:47 AM [32m    LOG[39m [38;5;3m[InstanceLoader] [39m[32mKubernetesDeployerModule dependencies initialized[39m[38;5;3m +0ms[39m
[32m[Nest] 3640  - [39m08/26/2026, 6:51:47 AM [32m    LOG[39m [38;5;3m[InstanceLoader] [39m[32mOpenTelemetryModule dependencies initialized[39m[38;5;3m +1ms[39m
[32m[Nest] 3640  - [39m08/26/2026, 6:51:47 AM [32m    LOG[39m [38;5;3m[InstanceLoader] [39m[32mJwtModule dependencies initialized[39m[38;5;3m +1ms[39m
[32m[Nest] 3640  - [39m08/26/2026, 6:51:47 AM [32m    LOG[39m [38;5;3m[InstanceLoader] [39m[32mOpenTelemetryCoreModule dependencies initialized[39m[38;5;3m +1ms[39m
[32m[Nest] 3640  - [39m08/26/2026, 6:51:48 AM [32m    LOG[39m [38;5;3m[InstanceLoader] [39m[32mConfigHostModule dependencies initialized[39m[38;5;3m +1ms[39m
[32m[Nest] 3640  - [39m08/26/2026, 6:51:48 AM [32m    LOG[39m [38;5;3m[InstanceLoader] [39m[32mDiscoveryModule dependencies initialized[39m[38;5;3m +0ms[39m
[32m[Nest] 3640  - [39m08/26/2026, 6:51:48 AM [32m    LOG[39m [38;5;3m[InstanceLoader] [39m[32mAuditModule dependencies initialized[39m[38;5;3m +0ms[39m
[32m[Nest] 3640  - [39m08/26/2026, 6:51:48 AM [32m    LOG[39m [38;5;3m[InstanceLoader] [39m[32mTaxModule dependencies initialized[39m[38;5;3m +0ms[39m
[32m[Nest] 3640  - [39m08/26/2026, 6:51:48 AM [32m    LOG[39m [38;5;3m[InstanceLoader] [39m[32mAppModule dependencies initialized[39m[38;5;3m +0ms[39m
[32m[Nest] 3640  - [39m08/26/2026, 6:51:48 AM [32m    LOG[39m [38;5;3m[InfluxService] [39m[32mInflux URL: http://127.0.0.1:4566, Influx Org: meteringco[39m
[32m[Nest] 3640  - [39m08/26/2026, 6:51:48 AM [32m    LOG[39m [38;5;3m[InstanceLoader] [39m[32mCustomerGroupModule dependencies initialized[39m[38;5;3m +0ms[39m
[32m[Nest] 3640  - [39m08/26/2026, 6:51:48 AM [32m    LOG[39m [38;5;3m[InstanceLoader] [39m[32mAlertsModule dependencies initialized[39m[38;5;3m +0ms[39m
[32m[Nest] 3640  - [39m08/26/2026, 6:51:48 AM [32m    LOG[39m [38;5;3m[InstanceLoader] [39m[32mInstanceUptimeModule dependencies initialized[39m[38;5;3m +0ms[39m
[32m[Nest] 3640  - [39m08/26/2026, 6:51:48 AM [32m    LOG[39m [38;5;3m[InstanceLoader] [39m[32mReservedInstanceModule dependencies initialized[39m[38;5;3m +0ms[39m
[32m[Nest] 3640  - [39m08/26/2026, 6:51:48 AM [32m    LOG[39m [38;5;3m[InfluxService] [39m[32mInflux URL: http://127.0.0.1:4566, Influx Org: meteringco[39m
[32m[Nest] 3640  - [39m08/26/2026, 6:51:48 AM [32m    LOG[39m [38;5;3m[InfluxService] [39m[32mInflux URL: http://127.0.0.1:4566, Influx Org: meteringco[39m
[32m[Nest] 3640  - [39m08/26/2026, 6:51:48 AM [32m    LOG[39m [38;5;3m[InstanceLoader] [39m[32mPrivateAPIServicesModule dependencies initialized[39m[38;5;3m +0ms[39m
[32m[Nest] 3640  - [39m08/26/2026, 6:51:48 AM [32m    LOG[39m [38;5;3m[InstanceLoader] [39m[32mPublicAPIServicesModule dependencies initialized[39m[38;5;3m +0ms[39m
[32m[Nest] 3640  - [39m08/26/2026, 6:51:48 AM [32m    LOG[39m [38;5;3m[InstanceLoader] [39m[32mInvoiceStatusCheckerModule dependencies initialized[39m[38;5;3m +0ms[39m
[32m[Nest] 3640  - [39m08/26/2026, 6:51:48 AM [32m    LOG[39m [38;5;3m[InstanceLoader] [39m[32mConfigModule dependencies initialized[39m[38;5;3m +11ms[39m
[32m[Nest] 3640  - [39m08/26/2026, 6:51:48 AM [32m    LOG[39m [38;5;3m[InstanceLoader] [39m[32mScheduleModule dependencies initialized[39m[38;5;3m +0ms[39m
[32m[Nest] 3640  - [39m08/26/2026, 6:51:48 AM [32m    LOG[39m [38;5;3m[InstanceLoader] [39m[32mBullModule dependencies initialized[39m[38;5;3m +0ms[39m
[32m[Nest] 3640  - [39m08/26/2026, 6:51:48 AM [32m    LOG[39m [38;5;3m[InstanceLoader] [39m[32mLedgerModule dependencies initialized[39m[38;5;3m +0ms[39m
[32m[Nest] 3640  - [39m08/26/2026, 6:51:48 AM [32m    LOG[39m [38;5;3m[InstanceLoader] [39m[32mEntitlementCheckerModule dependencies initialized[39m[38;5;3m +0ms[39m
[32m[Nest] 3640  - [39m08/26/2026, 6:51:48 AM [32m    LOG[39m [38;5;3m[InstanceLoader] [39m[32mBullModule dependencies initialized[39m[38;5;3m +1ms[39m
[32m[Nest] 3640  - [39m08/26/2026, 6:51:48 AM [32m    LOG[39m [38;5;3m[InstanceLoader] [39m[32mBullModule dependencies initialized[39m[38;5;3m +0ms[39m
[32m[Nest] 3640  - [39m08/26/2026, 6:51:48 AM [32m    LOG[39m [38;5;3m[InstanceLoader] [39m[32mBullModule dependencies initialized[39m[38;5;3m +0ms[39m
[32m[Nest] 3640  - [39m08/26/2026, 6:51:48 AM [32m    LOG[39m [38;5;3m[InstanceLoader] [39m[32mBullModule dependencies initialized[39m[38;5;3m +0ms[39m
[32m[Nest] 3640  - [39m08/26/2026, 6:51:48 AM [32m    LOG[39m [38;5;3m[InstanceLoader] [39m[32mBullModule dependencies initialized[39m[38;5;3m +0ms[39m
[32m[Nest] 3640  - [39m08/26/2026, 6:51:48 AM [32m    LOG[39m [38;5;3m[InstanceLoader] [39m[32mBullModule dependencies initialized[39m[38;5;3m +0ms[39m
[32m[Nest] 3640  - [39m08/26/2026, 6:51:48 AM [32m    LOG[39m [38;5;3m[InstanceLoader] [39m[32mBullModule dependencies initialized[39m[38;5;3m +0ms[39m
[32m[Nest] 3640  - [39m08/26/2026, 6:51:48 AM [32m    LOG[39m [38;5;3m[InstanceLoader] [39m[32mBullModule dependencies initialized[39m[38;5;3m +0ms[39m
[32m[Nest] 3640  - [39m08/26/2026, 6:51:48 AM [32m    LOG[39m [38;5;3m[InstanceLoader] [39m[32mBullModule dependencies initialized[39m[38;5;3m +0ms[39m
[32m[Nest] 3640  - [39m08/26/2026, 6:51:48 AM [32m    LOG[39m [38;5;3m[InstanceLoader] [39m[32mBullModule dependencies initialized[39m[38;5;3m +0ms[39m
[32m[Nest] 3640  - [39m08/26/2026, 6:51:48 AM [32m    LOG[39m [38;5;3m[InstanceLoader] [39m[32mBullModule dependencies initialized[39m[38;5;3m +0ms[39m
[32m[Nest] 3640  - [39m08/26/2026, 6:51:48 AM [32m    LOG[39m [38;5;3m[InstanceLoader] [39m[32mBullModule dependencies initialized[39m[38;5;3m +0ms[39m
[32m[Nest] 3640  - [39m08/26/2026, 6:51:48 AM [32m    LOG[39m [38;5;3m[InstanceLoader] [39m[32mBullModule dependencies initialized[39m[38;5;3m +0ms[39m
[32m[Nest] 3640  - [39m08/26/2026, 6:51:48 AM [32m    LOG[39m [38;5;3m[InstanceLoader] [39m[32mBullModule dependencies initialized[39m[38;5;3m +0ms[39m
[32m[Nest] 3640  - [39m08/26/2026, 6:51:48 AM [32m    LOG[39m [38;5;3m[InstanceLoader] [39m[32mMargincalcModule dependencies initialized[39m[38;5;3m +1ms[39m
[32m[Nest] 3640  - [39m08/26/2026, 6:51:48 AM [32m    LOG[39m [38;5;3m[InstanceLoader] [39m[32mAzureModule dependencies initialized[39m[38;5;3m +0ms[39m
[32m[Nest] 3640  - [39m08/26/2026, 6:51:48 AM [32m    LOG[39m [38;5;3m[InstanceLoader] [39m[32mPaymentModule dependencies initialized[39m[38;5;3m +0ms[39m
[32m[Nest] 3640  - [39m08/26/2026, 6:51:48 AM [32m    LOG[39m [38;5;3m[InstanceLoader] [39m[32mMeasurementModule dependencies initialized[39m[38;5;3m +2ms[39m
[32m[Nest] 3640  - [39m08/26/2026, 6:51:48 AM [32m    LOG[39m [38;5;3m[InstanceLoader] [39m[32mAgentMeasurementModule dependencies initialized[39m[38;5;3m +0ms[39m
[32m[Nest] 3640  - [39m08/26/2026, 6:51:48 AM [32m    LOG[39m [38;5;3m[InstanceLoader] [39m[32mPrivateInboxModule dependencies initialized[39m[38;5;3m +0ms[39m
[32m[Nest] 3640  - [39m08/26/2026, 6:51:48 AM [32m    LOG[39m [38;5;3m[InstanceLoader] [39m[32mTransformerModule dependencies initialized[39m[38;5;3m +1ms[39m
[32m[Nest] 3640  - [39m08/26/2026, 6:51:48 AM [32m    LOG[39m [38;5;3m[InstanceLoader] [39m[32mMeasurementConfigModule dependencies initialized[39m[38;5;3m +0ms[39m
[32m[Nest] 3640  - [39m08/26/2026, 6:51:48 AM [32m    LOG[39m [38;5;3m[InstanceLoader] [39m[32mCreditModule dependencies initialized[39m[38;5;3m +0ms[39m
[32m[Nest] 3640  - [39m08/26/2026, 6:51:48 AM [32m    LOG[39m [38;5;3m[InfluxService] [39m[32mInflux URL: http://127.0.0.1:4566, Influx Org: meteringco[39m
[32m[Nest] 3640  - [39m08/26/2026, 6:51:48 AM [32m    LOG[39m [38;5;3m[InfluxService] [39m[32mInflux URL: http://127.0.0.1:4566, Influx Org: meteringco[39m
[32m[Nest] 3640  - [39m08/26/2026, 6:51:48 AM [32m    LOG[39m [38;5;3m[InfluxService] [39m[32mInflux URL: http://127.0.0.1:4566, Influx Org: meteringco[39m
[32m[Nest] 3640  - [39m08/26/2026, 6:51:48 AM [32m    LOG[39m [38;5;3m[InfluxService] [39m[32mInflux URL: http://127.0.0.1:4566, Influx Org: meteringco[39m
[32m[Nest] 3640  - [39m08/26/2026, 6:51:48 AM [32m    LOG[39m [38;5;3m[InfluxService] [39m[32mInflux URL: http://127.0.0.1:4566, Influx Org: meteringco[39m
[32m[Nest] 3640  - [39m08/26/2026, 6:51:48 AM [32m    LOG[39m [38;5;3m[InfluxService] [39m[32mInflux URL: http://127.0.0.1:4566, Influx Org: meteringco[39m
[32m[Nest] 3640  - [39m08/26/2026, 6:51:48 AM [32m    LOG[39m [38;5;3m[InstanceLoader] [39m[32mContractModule dependencies initialized[39m[38;5;3m +0ms[39m
[32m[Nest] 3640  - [39m08/26/2026, 6:51:48 AM [32m    LOG[39m [38;5;3m[InstanceLoader] [39m[32mBillingModule dependencies initialized[39m[38;5;3m +0ms[39m
[32m[Nest] 3640  - [39m08/26/2026, 6:51:48 AM [32m    LOG[39m [38;5;3m[InstanceLoader] [39m[32mCostModule dependencies initialized[39m[38;5;3m +0ms[39m
[32m[Nest] 3640  - [39m08/26/2026, 6:51:48 AM [32m    LOG[39m [38;5;3m[InstanceLoader] [39m[32mPrivateAPIAnalyticsModule dependencies initialized[39m[38;5;3m +0ms[39m
[32m[Nest] 3640  - [39m08/26/2026, 6:51:48 AM [32m    LOG[39m [38;5;3m[InstanceLoader] [39m[32mUsersModule dependencies initialized[39m[38;5;3m +0ms[39m
[32m[Nest] 3640  - [39m08/26/2026, 6:51:48 AM [32m    LOG[39m [38;5;3m[InstanceLoader] [39m[32mPublicAPIOfferingModule dependencies initialized[39m[38;5;3m +0ms[39m
[32m[Nest] 3640  - [39m08/26/2026, 6:51:48 AM [32m    LOG[39m [38;5;3m[InstanceLoader] [39m[32mPrivateAPIOfferingModule dependencies initialized[39m[38;5;3m +0ms[39m
[32m[Nest] 3640  - [39m08/26/2026, 6:51:48 AM [32m    LOG[39m [38;5;3m[InstanceLoader] [39m[32mOnboardingModule dependencies initialized[39m[38;5;3m +1ms[39m
[32m[Nest] 3640  - [39m08/26/2026, 6:51:48 AM [32m    LOG[39m [38;5;3m[InstanceLoader] [39m[32mUsageModule dependencies initialized[39m[38;5;3m +0ms[39m
[32m[Nest] 3640  - [39m08/26/2026, 6:51:48 AM [32m    LOG[39m [38;5;3m[InstanceLoader] [39m[32mPrivateApiUsageModule dependencies initialized[39m[38;5;3m +1ms[39m
[32m[Nest] 3640  - [39m08/26/2026, 6:51:48 AM [32m    LOG[39m [38;5;3m[InstanceLoader] [39m[32mPortalModule dependencies initialized[39m[38;5;3m +0ms[39m
[32m[Nest] 3640  - [39m08/26/2026, 6:51:48 AM [32m    LOG[39m [38;5;3m[InstanceLoader] [39m[32mSchedulerModule dependencies initialized[39m[38;5;3m +0ms[39m
[32m[Nest] 3640  - [39m08/26/2026, 6:51:48 AM [32m    LOG[39m [38;5;3m[InstanceLoader] [39m[32mTokenConsumerModule dependencies initialized[39m[38;5;3m +1ms[39m
[32m[Nest] 3640  - [39m08/26/2026, 6:51:48 AM [32m    LOG[39m [38;5;3m[InstanceLoader] [39m[32mPrivateAPISettingsModule dependencies initialized[39m[38;5;3m +0ms[39m
[32m[Nest] 3640  - [39m08/26/2026, 6:51:48 AM [32m    LOG[39m [38;5;3m[InstanceLoader] [39m[32mPublicAPISettingModule dependencies initialized[39m[38;5;3m +0ms[39m
[32m[Nest] 3640  - [39m08/26/2026, 6:51:48 AM [32m    LOG[39m [38;5;3m[InstanceLoader] [39m[32mPublicAPIDimensionsModule dependencies initialized[39m[38;5;3m +0ms[39m
[32m[Nest] 3640  - [39m08/26/2026, 6:51:48 AM [32m    LOG[39m [38;5;3m[InstanceLoader] [39m[32mPrivateAPIDimensionsModule dependencies initialized[39m[38;5;3m +0ms[39m
[32m[Nest] 3640  - [39m08/26/2026, 6:51:48 AM [32m    LOG[39m [38;5;3m[InstanceLoader] [39m[32mPrivateAPIInvoicesModule dependencies initialized[39m[38;5;3m +0ms[39m
[32m[Nest] 3640  - [39m08/26/2026, 6:51:48 AM [32m    LOG[39m [38;5;3m[InstanceLoader] [39m[32mPublicAPIInvoicesModule dependencies initialized[39m[38;5;3m +0ms[39m
[32m[Nest] 3640  - [39m08/26/2026, 6:51:48 AM [32m    LOG[39m [38;5;3m[InstanceLoader] [39m[32mWebhookModule dependencies initialized[39m[38;5;3m +0ms[39m
[32m[Nest] 3640  - [39m08/26/2026, 6:51:48 AM [32m    LOG[39m [38;5;3m[InstanceLoader] [39m[32mPrivateAPICustomerModule dependencies initialized[39m[38;5;3m +0ms[39m
[32m[Nest] 3640  - [39m08/26/2026, 6:51:48 AM [32m    LOG[39m [38;5;3m[InstanceLoader] [39m[32mPublicAPICustomerModule dependencies initialized[39m[38;5;3m +0ms[39m
[32m[Nest] 3640  - [39m08/26/2026, 6:51:48 AM [32m    LOG[39m [38;5;3m[InstanceLoader] [39m[32mAuthzModule dependencies initialized[39m[38;5;3m +191ms[39m
[32m[Nest] 3640  - [39m08/26/2026, 6:51:48 AM [32m    LOG[39m [38;5;3m[InfluxService] [39m[32mInflux URL: http://127.0.0.1:4566, Influx Org: meteringco[39m
Wed, 26 Aug 2026 06:51:48 GMT express-session deprecated undefined resave option; provide resave option at dist/genericExpressEnv.js:48:28
Wed, 26 Aug 2026 06:51:48 GMT express-session deprecated undefined saveUninitialized option; provide saveUninitialized option at dist/genericExpressEnv.js:48:28
[32m[Nest] 3640  - [39m08/26/2026, 6:51:48 AM [32m    LOG[39m [38;5;3m[RoutesResolver] [39m[32mAppController {/health}:[39m[38;5;3m +18ms[39m
[32m[Nest] 3640  - [39m08/26/2026, 6:51:48 AM [32m    LOG[39m [38;5;3m[RouterExplorer] [39m[32mMapped {/health, GET} route[39m[38;5;3m +2ms[39m
[32m[Nest] 3640  - [39m08/26/2026, 6:51:48 AM [32m    LOG[39m [38;5;3m[RoutesResolver] [39m[32mPublicAPIOfferingController {/offerings}:[39m[38;5;3m +0ms[39m
[32m[Nest] 3640  - [39m08/26/2026, 6:51:48 AM [32m    LOG[39m [38;5;3m[RouterExplorer] [39m[32mMapped {/offerings, GET} route[39m[38;5;3m +1ms[39m
[32m[Nest] 3640  - [39m08/26/2026, 6:51:48 AM [32m    LOG[39m [38;5;3m[RouterExplorer] [39m[32mMapped {/offerings/:offeringId, GET} route[39m[38;5;3m +1ms[39m
[32m[Nest] 3640  - [39m08/26/2026, 6:51:48 AM [32m    LOG[39m [38;5;3m[RouterExplorer] [39m[32mMapped {/offerings, POST} route[39m[38;5;3m +0ms[39m
[32m[Nest] 3640  - [39m08/26/2026, 6:51:48 AM [32m    LOG[39m [38;5;3m[RouterExplorer] [39m[32mMapped {/offerings/:offeringId, PUT} route[39m[38;5;3m +0ms[39m
[32m[Nest] 3640  - [39m08/26/2026, 6:51:48 AM [32m    LOG[39m [38;5;3m[RouterExplorer] [39m[32mMapped {/offerings/:offeringId, DELETE} route[39m[38;5;3m +1ms[39m
[32m[Nest] 3640  - [39m08/26/2026, 6:51:48 AM [32m    LOG[39m [38;5;3m[RoutesResolver] [39m[32mPublicAPIDimensionsController {/dimensions}:[39m[38;5;3m +0ms[39m
[32m[Nest] 3640  - [39m08/26/2026, 6:51:48 AM [32m    LOG[39m [38;5;3m[RouterExplorer] [39m[32mMapped {/dimensions, GET} route[39m[38;5;3m +0ms[39m
[32m[Nest] 3640  - [39m08/26/2026, 6:51:48 AM [32m    LOG[39m [38;5;3m[RouterExplorer] [39m[32mMapped {/dimensions/:dimensionId, GET} route[39m[38;5;3m +0ms[39m
[32m[Nest] 3640  - [39m08/26/2026, 6:51:48 AM [32m    LOG[39m [38;5;3m[RouterExplorer] [39m[32mMapped {/dimensions, POST} route[39m[38;5;3m +1ms[39m
[32m[Nest] 3640  - [39m08/26/2026, 6:51:48 AM [32m    LOG[39m [38;5;3m[RouterExplorer] [39m[32mMapped {/dimensions/:dimensionId, PUT} route[39m[38;5;3m +0ms[39m
[32m[Nest] 3640  - [39m08/26/2026, 6:51:48 AM [32m    LOG[39m [38;5;3m[RouterExplorer] [39m[32mMapped {/dimensions/:dimensionId, DELETE} route[39m[38;5;3m +0ms[39m
[32m[Nest] 3640  - [39m08/26/2026, 6:51:48 AM [32m    LOG[39m [38;5;3m[RoutesResolver] [39m[32mMeasurementConfigController {/measurements}:[39m[38;5;3m +0ms[39m
[32m[Nest] 3640  - [39m08/26/2026, 6:51:48 AM [32m    LOG[39m [38;5;3m[RouterExplorer] [39m[32mMapped {/measurements, GET} route[39m[38;5;3m +0ms[39m
[32m[Nest] 3640  - [39m08/26/2026, 6:51:48 AM [32m    LOG[39m [38;5;3m[RouterExplorer] [39m[32mMapped {/measurements/:measurementId, GET} route[39m[38;5;3m +0ms[39m
[32m[Nest] 3640  - [39m08/26/2026, 6:51:48 AM [32m    LOG[39m [38;5;3m[RouterExplorer] [39m[32mMapped {/measurements, POST} route[39m[38;5;3m +0ms[39m
[32m[Nest] 3640  - [39m08/26/2026, 6:51:48 AM [32m    LOG[39m [38;5;3m[RouterExplorer] [39m[32mMapped {/measurements/:measurementId, PUT} route[39m[38;5;3m +0ms[39m
[32m[Nest] 3640  - [39m08/26/2026, 6:51:48 AM [32m    LOG[39m [38;5;3m[RouterExplorer] [39m[32mMapped {/measurements/:measurementId, DELETE} route[39m[38;5;3m +0ms[39m
[32m[Nest] 3640  - [39m08/26/2026, 6:51:48 AM [32m    LOG[39m [38;5;3m[RoutesResolver] [39m[32mPrivateAPIDimensionsController {/dimensions}:[39m[38;5;3m +0ms[39m
[32m[Nest] 3640  - [39m08/26/2026, 6:51:48 AM [32m    LOG[39m [38;5;3m[RouterExplorer] [39m[32mMapped {/dimensions, GET} route[39m[38;5;3m +0ms[39m
[32m[Nest] 3640  - [39m08/26/2026, 6:51:48 AM [32m    LOG[39m [38;5;3m[RouterExplorer] [39m[32mMapped {/dimensions/:dimensionId, GET} route[39m[38;5;3m +1ms[39m
[32m[Nest] 3640  - [39m08/26/2026, 6:51:48 AM [32m    LOG[39m [38;5;3m[RouterExplorer] [39m[32mMapped {/dimensions, POST} route[39m[38;5;3m +0ms[39m
[32m[Nest] 3640  - [39m08/26/2026, 6:51:48 AM [32m    LOG[39m [38;5;3m[RouterExplorer] [39m[32mMapped {/dimensions/:dimensionId, PUT} route[39m[38;5;3m +0ms[39m
[32m[Nest] 3640  - [39m08/26/2026, 6:51:48 AM [32m    LOG[39m [38;5;3m[RouterExplorer] [39m[32mMapped {/dimensions/:dimensionId, DELETE} route[39m[38;5;3m +0ms[39m
[32m[Nest] 3640  - [39m08/26/2026, 6:51:48 AM [32m    LOG[39m [38;5;3m[RoutesResolver] [39m[32mPrivateAPIOfferingController {/offerings}:[39m[38;5;3m +0ms[39m
[32m[Nest] 3640  - [39m08/26/2026, 6:51:48 AM [32m    LOG[39m [38;5;3m[RouterExplorer] [39m[32mMapped {/offerings, GET} route[39m[38;5;3m +0ms[39m
[32m[Nest] 3640  - [39m08/26/2026, 6:51:48 AM [32m    LOG[39m [38;5;3m[RouterExplorer] [39m[32mMapped {/offerings/:offeringId, GET} route[39m[38;5;3m +0ms[39m
[32m[Nest] 3640  - [39m08/26/2026, 6:51:48 AM [32m    LOG[39m [38;5;3m[RouterExplorer] [39m[32mMapped {/offerings, POST} route[39m[38;5;3m +0ms[39m
[32m[Nest] 3640  - [39m08/26/2026, 6:51:48 AM [32m    LOG[39m [38;5;3m[RouterExplorer] [39m[32mMapped {/offerings/:offeringId, PUT} route[39m[38;5;3m +1ms[39m
[32m[Nest] 3640  - [39m08/26/2026, 6:51:48 AM [32m    LOG[39m [38;5;3m[RouterExplorer] [39m[32mMapped {/offerings/:offeringId, DELETE} route[39m[38;5;3m +0ms[39m
[32m[Nest] 3640  - [39m08/26/2026, 6:51:48 AM [32m    LOG[39m [38;5;3m[RoutesResolver] [39m[32mPrivateAPICustomerController {/customers}:[39m[38;5;3m +0ms[39m
[32m[Nest] 3640  - [39m08/26/2026, 6:51:48 AM [32m    LOG[39m [38;5;3m[RouterExplorer] [39m[32mMapped {/customers, GET} route[39m[38;5;3m +0ms[39m
[32m[Nest] 3640  - [39m08/26/2026, 6:51:48 AM [32m    LOG[39m [38;5;3m[RouterExplorer] [39m[32mMapped {/customers/:customerId/children/:childId, POST} route[39m[38;5;3m +0ms[39m
[32m[Nest] 3640  - [39m08/26/2026, 6:51:48 AM [32m    LOG[39m [38;5;3m[RouterExplorer] [39m[32mMapped {/customers/:customerId/children/:childId, DELETE} route[39m[38;5;3m +0ms[39m
[32m[Nest] 3640  - [39m08/26/2026, 6:51:48 AM [32m    LOG[39m [38;5;3m[RouterExplorer] [39m[32mMapped {/customers/:customerId/children/:childId, PUT} route[39m[38;5;3m +0ms[39m
[32m[Nest] 3640  - [39m08/26/2026, 6:51:48 AM [32m    LOG[39m [38;5;3m[RouterExplorer] [39m[32mMapped {/customers/:customerId, GET} route[39m[38;5;3m +1ms[39m
[32m[Nest] 3640  - [39m08/26/2026, 6:51:48 AM [32m    LOG[39m [38;5;3m[RouterExplorer] [39m[32mMapped {/customers, POST} route[39m[38;5;3m +0ms[39m
[32m[Nest] 3640  - [39m08/26/2026, 6:51:48 AM [32m    LOG[39m [38;5;3m[RouterExplorer] [39m[32mMapped {/customers/:customerId/refunds, POST} route[39m[38;5;3m +0ms[39m
[32m[Nest] 3640  - [39m08/26/2026, 6:51:48 AM [32m    LOG[39m [38;5;3m[RouterExplorer] [39m[32mMapped {/customers/:customerId/enrollment, GET} route[39m[38;5;3m +0ms[39m
[32m[Nest] 3640  - [39m08/26/2026, 6:51:48 AM [32m    LOG[39m [38;5;3m[RouterExplorer] [39m[32mMapped {/customers/:customerId/enrollment, PUT} route[39m[38;5;3m +0ms[39m
[32m[Nest] 3640  - [39m08/26/2026, 6:51:48 AM [32m    LOG[39m [38;5;3m[RouterExplorer] [39m[32mMapped {/customers/:customerId/refunds, GET} route[39m[38;5;3m +0ms[39m
[32m[Nest] 3640  - [39m08/26/2026, 6:51:48 AM [32m    LOG[39m [38;5;3m[RouterExplorer] [39m[32mMapped {/customers/:customerId/payments, GET} route[39m[38;5;3m +0ms[39m
[32m[Nest] 3640  - [39m08/26/2026, 6:51:48 AM [32m    LOG[39m [38;5;3m[RouterExplorer] [39m[32mMapped {/customers/:customerId/stripePortal, GET} route[39m[38;5;3m +1ms[39m
[32m[Nest] 3640  - [39m08/26/2026, 6:51:48 AM [32m    LOG[39m [38;5;3m[RouterExplorer] [39m[32mMapped {/customers/:customerId, PUT} route[39m[38;5;3m +0ms[39m
[32m[Nest] 3640  - [39m08/26/2026, 6:51:48 AM [32m    LOG[39m [38;5;3m[RouterExplorer] [39m[32mMapped {/customers/:customerId/freeTrial, PUT} route[39m[38;5;3m +0ms[39m
[32m[Nest] 3640  - [39m08/26/2026, 6:51:48 AM [32m    LOG[39m [38;5;3m[RouterExplorer] [39m[32mMapped {/customers/:customerId, DELETE} route[39m[38;5;3m +0ms[39m
[32m[Nest] 3640  - [39m08/26/2026, 6:51:48 AM [32m    LOG[39m [38;5;3m[RouterExplorer] [39m[32mMapped {/customers/:customerId/usage, GET} route[39m[38;5;3m +0ms[39m
[32m[Nest] 3640  - [39m08/26/2026, 6:51:48 AM [32m    LOG[39m [38;5;3m[RouterExplorer] [39m[32mMapped {/customers/:customerId/token, GET} route[39m[38;5;3m +0ms[39m
[32m[Nest] 3640  - [39m08/26/2026, 6:51:48 AM [32m    LOG[39m [38;5;3m[RoutesResolver] [39m[32mSchedulerController {/scheduler}:[39m[38;5;3m +0ms[39m
[32m[Nest] 3640  - [39m08/26/2026, 6:51:48 AM [32m    LOG[39m [38;5;3m[RouterExplorer] [39m[32mMapped {/scheduler, POST} route[39m[38;5;3m +1ms[39m
[32m[Nest] 3640  - [39m08/26/2026, 6:51:48 AM [32m    LOG[39m [38;5;3m[RouterExplorer] [39m[32mMapped {/scheduler/emit, POST} route[39m[38;5;3m +0ms[39m
[32m[Nest] 3640  - [39m08/26/2026, 6:51:48 AM [32m    LOG[39m [38;5;3m[RouterExplorer] [39m[32mMapped {/scheduler, GET} route[39m[38;5;3m +0ms[39m
[32m[Nest] 3640  - [39m08/26/2026, 6:51:48 AM [32m    LOG[39m [38;5;3m[RouterExplorer] [39m[32mMapped {/scheduler/:schedulerID, GET} route[39m[38;5;3m +0ms[39m
[32m[Nest] 3640  - [39m08/26/2026, 6:51:48 AM [32m    LOG[39m [38;5;3m[RouterExplorer] [39m[32mMapped {/scheduler/:schedulerID, DELETE} route[39m[38;5;3m +0ms[39m
[32m[Nest] 3640  - [39m08/26/2026, 6:51:48 AM [32m    LOG[39m [38;5;3m[RoutesResolver] [39m[32mUsageController {/usage}:[39m[38;5;3m +0ms[39m
[32m[Nest] 3640  - [39m08/26/2026, 6:51:48 AM [32m    LOG[39m [38;5;3m[RouterExplorer] [39m[32mMapped {/usage, POST} route[39m[38;5;3m +0ms[39m
[32m[Nest] 3640  - [39m08/26/2026, 6:51:48 AM [32m    LOG[39m [38;5;3m[RoutesResolver] [39m[32mUsersController {/users}:[39m[38;5;3m +0ms[39m
[32m[Nest] 3640  - [39m08/26/2026, 6:51:48 AM [32m    LOG[39m [38;5;3m[RouterExplorer] [39m[32mMapped {/users, POST} route[39m[38;5;3m +1ms[39m
[32m[Nest] 3640  - [39m08/26/2026, 6:51:48 AM [32m    LOG[39m [38;5;3m[RouterExplorer] [39m[32mMapped {/users/all, GET} route[39m[38;5;3m +0ms[39m
[32m[Nest] 3640  - [39m08/26/2026, 6:51:48 AM [32m    LOG[39m [38;5;3m[RouterExplorer] [39m[32mMapped {/users/environment, GET} route[39m[38;5;3m +0ms[39m
[32m[Nest] 3640  - [39m08/26/2026, 6:51:48 AM [32m    LOG[39m [38;5;3m[RouterExplorer] [39m[32mMapped {/users/environment, PUT} route[39m[38;5;3m +0ms[39m
[32m[Nest] 3640  - [39m08/26/2026, 6:51:48 AM [32m    LOG[39m [38;5;3m[RouterExplorer] [39m[32mMapped {/users/environment/admin, PUT} route[39m[38;5;3m +0ms[39m
[32m[Nest] 3640  - [39m08/26/2026, 6:51:48 AM [32m    LOG[39m [38;5;3m[RouterExplorer] [39m[32mMapped {/users/keys, GET} route[39m[38;5;3m +0ms[39m
[32m[Nest] 3640  - [39m08/26/2026, 6:51:48 AM [32m    LOG[39m [38;5;3m[RouterExplorer] [39m[32mMapped {/users/keys/:clientId/rotate, POST} route[39m[38;5;3m +0ms[39m
[32m[Nest] 3640  - [39m08/26/2026, 6:51:48 AM [32m    LOG[39m [38;5;3m[RouterExplorer] [39m[32mMapped {/users/keys/:clientId/rotate, PUT} route[39m[38;5;3m +0ms[39m
[32m[Nest] 3640  - [39m08/26/2026, 6:51:48 AM [32m    LOG[39m [38;5;3m[RouterExplorer] [39m[32mMapped {/users/keys/:clientId, DELETE} route[39m[38;5;3m +0ms[39m
[32m[Nest] 3640  - [39m08/26/2026, 6:51:48 AM [32m    LOG[39m [38;5;3m[RouterExplorer] [39m[32mMapped {/users/clients, GET} route[39m[38;5;3m +1ms[39m
[32m[Nest] 3640  - [39m08/26/2026, 6:51:48 AM [32m    LOG[39m [38;5;3m[RouterExplorer] [39m[32mMapped {/users/credentials, GET} route[39m[38;5;3m +0ms[39m
[32m[Nest] 3640  - [39m08/26/2026, 6:51:48 AM [32m    LOG[39m [38;5;3m[RouterExplorer] [39m[32mMapped {/users/clients/:clientId/rotate, POST} route[39m[38;5;3m +0ms[39m
[32m[Nest] 3640  - [39m08/26/2026, 6:51:48 AM [32m    LOG[39m [38;5;3m[RouterExplorer] [39m[32mMapped {/users/clients/:clientId/rotate-secret, POST} route[39m[38;5;3m +0ms[39m
[32m[Nest] 3640  - [39m08/26/2026, 6:51:48 AM [32m    LOG[39m [38;5;3m[RouterExplorer] [39m[32mMapped {/users/clients/:clientId, DELETE} route[39m[38;5;3m +0ms[39m
[32m[Nest] 3640  - [39m08/26/2026, 6:51:48 AM [32m    LOG[39m [38;5;3m[RouterExplorer] [39m[32mMapped {/users/credentials/:clientId, DELETE} route[39m[38;5;3m +0ms[39m
[32m[Nest] 3640  - [39m08/26/2026, 6:51:48 AM [32m    LOG[39m [38;5;3m[RouterExplorer] [39m[32mMapped {/users, GET} route[39m[38;5;3m +0ms[39m
[32m[Nest] 3640  - [39m08/26/2026, 6:51:48 AM [32m    LOG[39m [38;5;3m[RouterExplorer] [39m[32mMapped {/users, DELETE} route[39m[38;5;3m +0ms[39m
[32m[Nest] 3640  - [39m08/26/2026, 6:51:48 AM [32m    LOG[39m [38;5;3m[RouterExplorer] [39m[32mMapped {/users/login, GET} route[39m[38;5;3m +0ms[39m
[32m[Nest] 3640  - [39m08/26/2026, 6:51:48 AM [32m    LOG[39m [38;5;3m[RouterExplorer] [39m[32mMapped {/users/redirect, GET} route[39m[38;5;3m +0ms[39m
[32m[Nest] 3640  - [39m08/26/2026, 6:51:48 AM [32m    LOG[39m [38;5;3m[RoutesResolver] [39m[32mOrganizationController {/users/organizations}:[39m[38;5;3m +0ms[39m
[32m[Nest] 3640  - [39m08/26/2026, 6:51:48 AM [32m    LOG[39m [38;5;3m[RouterExplorer] [39m[32mMapped {/users/organizations, POST} route[39m[38;5;3m +1ms[39m
[32m[Nest] 3640  - [39m08/26/2026, 6:51:48 AM [32m    LOG[39m [38;5;3m[RouterExplorer] [39m[32mMapped {/users/organizations, GET} route[39m[38;5;3m +0ms[39m
[32m[Nest] 3640  - [39m08/26/2026, 6:51:48 AM [32m    LOG[39m [38;5;3m[RouterExplorer] [39m[32mMapped {/users/organizations, PUT} route[39m[38;5;3m +0ms[39m
[32m[Nest] 3640  - [39m08/26/2026, 6:51:48 AM [32m    LOG[39m [38;5;3m[RoutesResolver] [39m[32mTokenConsumerController {/meteringco/token}:[39m[38;5;3m +0ms[39m
[32m[Nest] 3640  - [39m08/26/2026, 6:51:48 AM [32m    LOG[39m [38;5;3m[RouterExplorer] [39m[32mMapped {/meteringco/token, GET} route[39m[38;5;3m +0ms[39m
[32m[Nest] 3640  - [39m08/26/2026, 6:51:48 AM [32m    LOG[39m [38;5;3m[RouterExplorer] [39m[32mMapped {/meteringco/token/schedule, POST} route[39m[38;5;3m +0ms[39m
[32m[Nest] 3640  - [39m08/26/2026, 6:51:48 AM [32m    LOG[39m [38;5;3m[RouterExplorer] [39m[32mMapped {/meteringco/token/schedule, DELETE} route[39m[38;5;3m +0ms[39m
[32m[Nest] 3640  - [39m08/26/2026, 6:51:48 AM [32m    LOG[39m [38;5;3m[RoutesResolver] [39m[32mPublicAPICustomerController {/customers}:[39m[38;5;3m +0ms[39m
[32m[Nest] 3640  - [39m08/26/2026, 6:51:48 AM [32m    LOG[39m [38;5;3m[RouterExplorer] [39m[32mMapped {/customers, GET} route[39m[38;5;3m +0ms[39m
[32m[Nest] 3640  - [39m08/26/2026, 6:51:48 AM [32m    LOG[39m [38;5;3m[RouterExplorer] [39m[32mMapped {/customers/:customerId/children/:childId, POST} route[39m[38;5;3m +1ms[39m
[32m[Nest] 3640  - [39m08/26/2026, 6:51:48 AM [32m    LOG[39m [38;5;3m[RouterExplorer] [39m[32mMapped {/customers/:customerId/children/:childId, DELETE} route[39m[38;5;3m +0ms[39m
[32m[Nest] 3640  - [39m08/26/2026, 6:51:48 AM [32m    LOG[39m [38;5;3m[RouterExplorer] [39m[32mMapped {/customers/:customerId/children/:childId, PUT} route[39m[38;5;3m +0ms[39m
[32m[Nest] 3640  - [39m08/26/2026, 6:51:48 AM [32m    LOG[39m [38;5;3m[RouterExplorer] [39m[32mMapped {/customers/:customerId, GET} route[39m[38;5;3m +0ms[39m
[32m[Nest] 3640  - [39m08/26/2026, 6:51:48 AM [32m    LOG[39m [38;5;3m[RouterExplorer] [39m[32mMapped {/customers, POST} route[39m[38;5;3m +0ms[39m
[32m[Nest] 3640  - [39m08/26/2026, 6:51:48 AM [32m    LOG[39m [38;5;3m[RouterExplorer] [39m[32mMapped {/customers/:customerId/refunds, POST} route[39m[38;5;3m +0ms[39m
[32m[Nest] 3640  - [39m08/26/2026, 6:51:48 AM [32m    LOG[39m [38;5;3m[RouterExplorer] [39m[32mMapped {/customers/:customerId/enrollment, GET} route[39m[38;5;3m +0ms[39m
[32m[Nest] 3640  - [39m08/26/2026, 6:51:48 AM [32m    LOG[39m [38;5;3m[RouterExplorer] [39m[32mMapped {/customers/:customerId/enrollment, PUT} route[39m[38;5;3m +0ms[39m
[32m[Nest] 3640  - [39m08/26/2026, 6:51:48 AM [32m    LOG[39m [38;5;3m[RouterExplorer] [39m[32mMapped {/customers/:customerId/refunds, GET} route[39m[38;5;3m +0ms[39m
[32m[Nest] 3640  - [39m08/26/2026, 6:51:48 AM [32m    LOG[39m [38;5;3m[RouterExplorer] [39m[32mMapped {/customers/:customerId/payments, GET} route[39m[38;5;3m +0ms[39m
[32m[Nest] 3640  - [39m08/26/2026, 6:51:48 AM [32m    LOG[39m [38;5;3m[RouterExplorer] [39m[32mMapped {/customers/:customerId/stripePortal, GET} route[39m[38;5;3m +0ms[39m
[32m[Nest] 3640  - [39m08/26/2026, 6:51:48 AM [32m    LOG[39m [38;5;3m[RouterExplorer] [39m[32mMapped {/customers/:customerId, PUT} route[39m[38;5;3m +1ms[39m
[32m[Nest] 3640  - [39m08/26/2026, 6:51:48 AM [32m    LOG[39m [38;5;3m[RouterExplorer] [39m[32mMapped {/customers/:customerId/freeTrial, PUT} route[39m[38;5;3m +0ms[39m
[32m[Nest] 3640  - [39m08/26/2026, 6:51:48 AM [32m    LOG[39m [38;5;3m[RouterExplorer] [39m[32mMapped {/customers/:customerId, DELETE} route[39m[38;5;3m +0ms[39m
[32m[Nest] 3640  - [39m08/26/2026, 6:51:48 AM [32m    LOG[39m [38;5;3m[RouterExplorer] [39m[32mMapped {/customers/:customerId/usage, GET} route[39m[38;5;3m +0ms[39m
[32m[Nest] 3640  - [39m08/26/2026, 6:51:48 AM [32m    LOG[39m [38;5;3m[RouterExplorer] [39m[32mMapped {/customers/:customerId/token, GET} route[39m[38;5;3m +0ms[39m
[32m[Nest] 3640  - [39m08/26/2026, 6:51:48 AM [32m    LOG[39m [38;5;3m[RoutesResolver] [39m[32mPrivateInvoicesController {/invoices}:[39m[38;5;3m +0ms[39m
[32m[Nest] 3640  - [39m08/26/2026, 6:51:48 AM [32m    LOG[39m [38;5;3m[RouterExplorer] [39m[32mMapped {/invoices/:invoiceId, PUT} route[39m[38;5;3m +0ms[39m
[32m[Nest] 3640  - [39m08/26/2026, 6:51:48 AM [32m    LOG[39m [38;5;3m[RouterExplorer] [39m[32mMapped {/invoices/:invoiceId, GET} route[39m[38;5;3m +0ms[39m
[32m[Nest] 3640  - [39m08/26/2026, 6:51:48 AM [32m    LOG[39m [38;5;3m[RouterExplorer] [39m[32mMapped {/invoices, POST} route[39m[38;5;3m +0ms[39m
[32m[Nest] 3640  - [39m08/26/2026, 6:51:48 AM [32m    LOG[39m [38;5;3m[RoutesResolver] [39m[32mSettingsController {/settings}:[39m[38;5;3m +0ms[39m
[32m[Nest] 3640  - [39m08/26/2026, 6:51:48 AM [32m    LOG[39m [38;5;3m[RouterExplorer] [39m[32mMapped {/settings, GET} route[39m[38;5;3m +1ms[39m
[32m[Nest] 3640  - [39m08/26/2026, 6:51:48 AM [32m    LOG[39m [38;5;3m[RouterExplorer] [39m[32mMapped {/settings, PUT} route[39m[38;5;3m +0ms[39m
[32m[Nest] 3640  - [39m08/26/2026, 6:51:48 AM [32m    LOG[39m [38;5;3m[RouterExplorer] [39m[32mMapped {/settings/free-trial, POST} route[39m[38;5;3m +0ms[39m
[32m[Nest] 3640  - [39m08/26/2026, 6:51:48 AM [32m    LOG[39m [38;5;3m[RouterExplorer] [39m[32mMapped {/settings/free-trial, GET} route[39m[38;5;3m +0ms[39m
[32m[Nest] 3640  - [39m08/26/2026, 6:51:48 AM [32m    LOG[39m [38;5;3m[RouterExplorer] [39m[32mMapped {/settings/profile, PUT} route[39m[38;5;3m +0ms[39m
[32m[Nest] 3640  - [39m08/26/2026, 6:51:48 AM [32m    LOG[39m [38;5;3m[RouterExplorer] [39m[32mMapped {/settings/profile, GET} route[39m[38;5;3m +0ms[39m
[32m[Nest] 3640  - [39m08/26/2026, 6:51:48 AM [32m    LOG[39m [38;5;3m[RouterExplorer] [39m[32mMapped {/settings/invoiceImage, POST} route[39m[38;5;3m +0ms[39m
[32m[Nest] 3640  - [39m08/26/2026, 6:51:48 AM [32m    LOG[39m [38;5;3m[RoutesResolver] [39m[32mCreditController {/customers}:[39m[38;5;3m +0ms[39m
[32m[Nest] 3640  - [39m08/26/2026, 6:51:48 AM [32m    LOG[39m [38;5;3m[RouterExplorer] [39m[32mMapped {/customers/:customerId/transactions, POST} route[39m[38;5;3m +0ms[39m
[32m[Nest] 3640  - [39m08/26/2026, 6:51:48 AM [32m    LOG[39m [38;5;3m[RouterExplorer] [39m[32mMapped {/customers/:customerId/transactions, GET} route[39m[38;5;3m +1ms[39m
[32m[Nest] 3640  - [39m08/26/2026, 6:51:48 AM [32m    LOG[39m [38;5;3m[RoutesResolver] [39m[32mPaymentController {/payment}:[39m[38;5;3m +0ms[39m
[32m[Nest] 3640  - [39m08/26/2026, 6:51:48 AM [32m    LOG[39m [38;5;3m[RoutesResolver] [39m[32mLedgerController {/ledger}:[39m[38;5;3m +0ms[39m
[32m[Nest] 3640  - [39m08/26/2026, 6:51:48 AM [32m    LOG[39m [38;5;3m[RoutesResolver] [39m[32mPublicAPIInvoicesController {/invoices}:[39m[38;5;3m +0ms[39m
[32m[Nest] 3640  - [39m08/26/2026, 6:51:48 AM [32m    LOG[39m [38;5;3m[RouterExplorer] [39m[32mMapped {/invoices/:invoiceId, GET} route[39m[38;5;3m +0ms[39m
[32m[Nest] 3640  - [39m08/26/2026, 6:51:48 AM [32m    LOG[39m [38;5;3m[RouterExplorer] [39m[32mMapped {/invoices, POST} route[39m[38;5;3m +0ms[39m
[32m[Nest] 3640  - [39m08/26/2026, 6:51:48 AM [32m    LOG[39m [38;5;3m[RoutesResolver] [39m[32mMeasurementController {/measurements/api}:[39m[38;5;3m +0ms[39m
[32m[Nest] 3640  - [39m08/26/2026, 6:51:48 AM [32m    LOG[39m [38;5;3m[RouterExplorer] [39m[32mMapped {/measurements/api, POST} route[39m[38;5;3m +0ms[39m
[32m[Nest] 3640  - [39m08/26/2026, 6:51:48 AM [32m    LOG[39m [38;5;3m[RouterExplorer] [39m[32mMapped {/measurements/api/podStart, POST} route[39m[38;5;3m +0ms[39m
[32m[Nest] 3640  - [39m08/26/2026, 6:51:48 AM [32m    LOG[39m [38;5;3m[RouterExplorer] [39m[32mMapped {/measurements/api/podEnd, POST} route[39m[38;5;3m +0ms[39m
[32m[Nest] 3640  - [39m08/26/2026, 6:51:48 AM [32m    LOG[39m [38;5;3m[RoutesResolver] [39m[32mMargincalcController {/margincalc}:[39m[38;5;3m +0ms[39m
[32m[Nest] 3640  - [39m08/26/2026, 6:51:48 AM [32m    LOG[39m [38;5;3m[RouterExplorer] [39m[32mMapped {/margincalc, POST} route[39m[38;5;3m +0ms[39m
[32m[Nest] 3640  - [39m08/26/2026, 6:51:48 AM [32m    LOG[39m [38;5;3m[RouterExplorer] [39m[32mMapped {/margincalc/cost, POST} route[39m[38;5;3m +1ms[39m
[32m[Nest] 3640  - [39m08/26/2026, 6:51:48 AM [32m    LOG[39m [38;5;3m[RoutesResolver] [39m[32mAgentMeasurementController {/agent-measurement}:[39m[38;5;3m +0ms[39m
[32m[Nest] 3640  - [39m08/26/2026, 6:51:48 AM [32m    LOG[39m [38;5;3m[RouterExplorer] [39m[32mMapped {/agent-measurement, POST} route[39m[38;5;3m +0ms[39m
[32m[Nest] 3640  - [39m08/26/2026, 6:51:48 AM [32m    LOG[39m [38;5;3m[RoutesResolver] [39m[32mOnboardingController {/onboarding/stripe}:[39m[38;5;3m +0ms[39m
[32m[Nest] 3640  - [39m08/26/2026, 6:51:48 AM [32m    LOG[39m [38;5;3m[RouterExplorer] [39m[32mMapped {/onboarding/stripe, POST} route[39m[38;5;3m +0ms[39m
[32m[Nest] 3640  - [39m08/26/2026, 6:51:48 AM [32m    LOG[39m [38;5;3m[RouterExplorer] [39m[32mMapped {/onboarding/stripe/redirect, GET} route[39m[38;5;3m +0ms[39m
[32m[Nest] 3640  - [39m08/26/2026, 6:51:48 AM [32m    LOG[39m [38;5;3m[RouterExplorer] [39m[32mMapped {/onboarding/stripe, DELETE} route[39m[38;5;3m +0ms[39m
[32m[Nest] 3640  - [39m08/26/2026, 6:51:48 AM [32m    LOG[39m [38;5;3m[RoutesResolver] [39m[32mTrasformerController {/}:[39m[38;5;3m +0ms[39m
[32m[Nest] 3640  - [39m08/26/2026, 6:51:48 AM [32m    LOG[39m [38;5;3m[RouterExplorer] [39m[32mMapped {/, POST} route[39m[38;5;3m +0ms[39m
[32m[Nest] 3640  - [39m08/26/2026, 6:51:48 AM [32m    LOG[39m [38;5;3m[RoutesResolver] [39m[32mCostController {/analytics}:[39m[38;5;3m +0ms[39m
[32m[Nest] 3640  - [39m08/26/2026, 6:51:48 AM [32m    LOG[39m [38;5;3m[RouterExplorer] [39m[32mMapped {/analytics/cost/storage, GET} route[39m[38;5;3m +1ms[39m
[32m[Nest] 3640  - [39m08/26/2026, 6:51:48 AM [32m    LOG[39m [38;5;3m[RouterExplorer] [39m[32mMapped {/analytics/cost/compute, GET} route[39m[38;5;3m +0ms[39m
[32m[Nest] 3640  - [39m08/26/2026, 6:51:48 AM [32m    LOG[39m [38;5;3m[RoutesResolver] [39m[32mAnalyticsController {/analytics}:[39m[38;5;3m +0ms[39m
[32m[Nest] 3640  - [39m08/26/2026, 6:51:48 AM [32m    LOG[39m [38;5;3m[RouterExplorer] [39m[32mMapped {/analytics, GET} route[39m[38;5;3m +0ms[39m
[32m[Nest] 3640  - [39m08/26/2026, 6:51:48 AM [32m    LOG[39m [38;5;3m[RouterExplorer] [39m[32mMapped {/analytics/business, GET} route[39m[38;5;3m +0ms[39m
[32m[Nest] 3640  - [39m08/26/2026, 6:51:48 AM [32m    LOG[39m [38;5;3m[RoutesResolver] [39m[32mInboxController {/inbox}:[39m[38;5;3m +0ms[39m
[32m[Nest] 3640  - [39m08/26/2026, 6:51:48 AM [32m    LOG[39m [38;5;3m[RouterExplorer] [39m[32mMapped {/inbox, POST} route[39m[38;5;3m +0ms[39m
[32m[Nest] 3640  - [39m08/26/2026, 6:51:48 AM [32m    LOG[39m [38;5;3m[RouterExplorer] [39m[32mMapped {/inbox, GET} route[39m[38;5;3m +0ms[39m
[32m[Nest] 3640  - [39m08/26/2026, 6:51:48 AM [32m    LOG[39m [38;5;3m[RouterExplorer] [39m[32mMapped {/inbox/:inboxId, GET} route[39m[38;5;3m +0ms[39m
[32m[Nest] 3640  - [39m08/26/2026, 6:51:48 AM [32m    LOG[39m [38;5;3m[RouterExplorer] [39m[32mMapped {/inbox/:inboxId, PUT} route[39m[38;5;3m +0ms[39m
[32m[Nest] 3640  - [39m08/26/2026, 6:51:48 AM [32m    LOG[39m [38;5;3m[RoutesResolver] [39m[32mPrivateAPIUsageController {/usage}:[39m[38;5;3m +0ms[39m
[32m[Nest] 3640  - [39m08/26/2026, 6:51:48 AM [32m    LOG[39m [38;5;3m[RouterExplorer] [39m[32mMapped {/usage/db, POST} route[39m[38;5;3m +1ms[39m
[32m[Nest] 3640  - [39m08/26/2026, 6:51:48 AM [32m    LOG[39m [38;5;3m[RouterExplorer] [39m[32mMapped {/usage/datastore, POST} route[39m[38;5;3m +0ms[39m
[32m[Nest] 3640  - [39m08/26/2026, 6:51:48 AM [32m    LOG[39m [38;5;3m[RouterExplorer] [39m[32mMapped {/usage, POST} route[39m[38;5;3m +0ms[39m
[32m[Nest] 3640  - [39m08/26/2026, 6:51:48 AM [32m    LOG[39m [38;5;3m[RoutesResolver] [39m[32mAzureController {/azure}:[39m[38;5;3m +0ms[39m
[32m[Nest] 3640  - [39m08/26/2026, 6:51:48 AM [32m    LOG[39m [38;5;3m[RouterExplorer] [39m[32mMapped {/azure/azure/:dimensionId, GET} route[39m[38;5;3m +0ms[39m
[32m[Nest] 3640  - [39m08/26/2026, 6:51:48 AM [32m    LOG[39m [38;5;3m[RouterExplorer] [39m[32mMapped {/azure/disk/:dimensionId, GET} route[39m[38;5;3m +0ms[39m
[32m[Nest] 3640  - [39m08/26/2026, 6:51:48 AM [32m    LOG[39m [38;5;3m[RouterExplorer] [39m[32mMapped {/azure/vm/:dimensionId, GET} route[39m[38;5;3m +0ms[39m
[32m[Nest] 3640  - [39m08/26/2026, 6:51:48 AM [32m    LOG[39m [38;5;3m[RoutesResolver] [39m[32mPortalController {/portal}:[39m[38;5;3m +0ms[39m
[32m[Nest] 3640  - [39m08/26/2026, 6:51:48 AM [32m    LOG[39m [38;5;3m[RouterExplorer] [39m[32mMapped {/portal/token, POST} route[39m[38;5;3m +0ms[39m
[32m[Nest] 3640  - [39m08/26/2026, 6:51:48 AM [32m    LOG[39m [38;5;3m[RouterExplorer] [39m[32mMapped {/portal/customer, POST} route[39m[38;5;3m +0ms[39m
[32m[Nest] 3640  - [39m08/26/2026, 6:51:48 AM [32m    LOG[39m [38;5;3m[RouterExplorer] [39m[32mMapped {/portal/customer/usage, GET} route[39m[38;5;3m +1ms[39m
[32m[Nest] 3640  - [39m08/26/2026, 6:51:48 AM [32m    LOG[39m [38;5;3m[RouterExplorer] [39m[32mMapped {/portal/customer/payment, GET} route[39m[38;5;3m +0ms[39m
[32m[Nest] 3640  - [39m08/26/2026, 6:51:48 AM [32m    LOG[39m [38;5;3m[RouterExplorer] [39m[32mMapped {/portal/customer, GET} route[39m[38;5;3m +0ms[39m
[32m[Nest] 3640  - [39m08/26/2026, 6:51:48 AM [32m    LOG[39m [38;5;3m[RouterExplorer] [39m[32mMapped {/portal/customer, PUT} route[39m[38;5;3m +0ms[39m
[32m[Nest] 3640  - [39m08/26/2026, 6:51:48 AM [32m    LOG[39m [38;5;3m[RouterExplorer] [39m[32mMapped {/portal/customer/stripePortal, GET} route[39m[38;5;3m +0ms[39m
[32m[Nest] 3640  - [39m08/26/2026, 6:51:48 AM [32m    LOG[39m [38;5;3m[RouterExplorer] [39m[32mMapped {/portal/invoices/:invoiceId, GET} route[39m[38;5;3m +0ms[39m
[32m[Nest] 3640  - [39m08/26/2026, 6:51:48 AM [32m    LOG[39m [38;5;3m[RouterExplorer] [39m[32mMapped {/portal/invoices, GET} route[39m[38;5;3m +0ms[39m
[32m[Nest] 3640  - [39m08/26/2026, 6:51:48 AM [32m    LOG[39m [38;5;3m[RouterExplorer] [39m[32mMapped {/portal/configuration, GET} route[39m[38;5;3m +0ms[39m
[32m[Nest] 3640  - [39m08/26/2026, 6:51:48 AM [32m    LOG[39m [38;5;3m[RouterExplorer] [39m[32mMapped {/portal/configuration, PUT} route[39m[38;5;3m +0ms[39m
[32m[Nest] 3640  - [39m08/26/2026, 6:51:48 AM [32m    LOG[39m [38;5;3m[RoutesResolver] [39m[32mWebhookController {/webhooks}:[39m[38;5;3m +0ms[39m
[32m[Nest] 3640  - [39m08/26/2026, 6:51:48 AM [32m    LOG[39m [38;5;3m[RouterExplorer] [39m[32mMapped {/webhooks/test, GET} route[39m[38;5;3m +0ms[39m
[32m[Nest] 3640  - [39m08/26/2026, 6:51:48 AM [32m    LOG[39m [38;5;3m[RouterExplorer] [39m[32mMapped {/webhooks/invoice, GET} route[39m[38;5;3m +1ms[39m
[32m[Nest] 3640  - [39m08/26/2026, 6:51:48 AM [32m    LOG[39m [38;5;3m[RouterExplorer] [39m[32mMapped {/webhooks/customer, GET} route[39m[38;5;3m +0ms[39m
[32m[Nest] 3640  - [39m08/26/2026, 6:51:48 AM [32m    LOG[39m [38;5;3m[RouterExplorer] [39m[32mMapped {/webhooks/entitlement, GET} route[39m[38;5;3m +0ms[39m
[32m[Nest] 3640  - [39m08/26/2026, 6:51:48 AM [32m    LOG[39m [38;5;3m[RouterExplorer] [39m[32mMapped {/webhooks, GET} route[39m[38;5;3m +0ms[39m
[32m[Nest] 3640  - [39m08/26/2026, 6:51:48 AM [32m    LOG[39m [38;5;3m[RouterExplorer] [39m[32mMapped {/webhooks/:webhookId, GET} route[39m[38;5;3m +0ms[39m
[32m[Nest] 3640  - [39m08/26/2026, 6:51:48 AM [32m    LOG[39m [38;5;3m[RouterExplorer] [39m[32mMapped {/webhooks/subscribe, POST} route[39m[38;5;3m +0ms[39m
[32m[Nest] 3640  - [39m08/26/2026, 6:51:48 AM [32m    LOG[39m [38;5;3m[RouterExplorer] [39m[32mMapped {/webhooks/:webhookId, DELETE} route[39m[38;5;3m +0ms[39m
[32m[Nest] 3640  - [39m08/26/2026, 6:51:48 AM [32m    LOG[39m [38;5;3m[RoutesResolver] [39m[32mPublicSettingsController {/settings}:[39m[38;5;3m +0ms[39m
[32m[Nest] 3640  - [39m08/26/2026, 6:51:48 AM [32m    LOG[39m [38;5;3m[RouterExplorer] [39m[32mMapped {/settings/profile, PUT} route[39m[38;5;3m +0ms[39m
[32m[Nest] 3640  - [39m08/26/2026, 6:51:48 AM [32m    LOG[39m [38;5;3m[RouterExplorer] [39m[32mMapped {/settings/profile, GET} route[39m[38;5;3m +0ms[39m
[32m[Nest] 3640  - [39m08/26/2026, 6:51:48 AM [32m    LOG[39m [38;5;3m[RouterExplorer] [39m[32mMapped {/settings/invoiceImage, POST} route[39m[38;5;3m +1ms[39m
[32m[Nest] 3640  - [39m08/26/2026, 6:51:48 AM [32m    LOG[39m [38;5;3m[NestApplication] [39m[32mNest application successfully started[39m[38;5;3m +26ms[39m
(node:3640) MaxListenersExceededWarning: Possible EventEmitter memory leak detected. 11 ready listeners added to [Commander]. MaxListeners is 10. Use emitter.setMaxListeners() to increase limit
(node:3640) MaxListenersExceededWarning: Possible EventEmitter memory leak detected. 11 error listeners added to [Commander]. MaxListeners is 10. Use emitter.setMaxListeners() to increase limit
(node:3640) MaxListenersExceededWarning: Possible EventEmitter memory leak detected. 11 end listeners added to [Commander]. MaxListeners is 10. Use emitter.setMaxListeners() to increase limit
[95m[Nest] 3640  - [39m08/26/2026, 6:51:48 AM [95m  DEBUG[39m [38;5;3m[TimingInterceptor] [39m[95mCode Execution Time Start[39m
[32m[Nest] 3640  - [39m08/26/2026, 6:51:48 AM [32m    LOG[39m [38;5;3m[BusinessIDInterceptor] [39m[32m API request infoundefined, path: /health, method:GET [39m
[33m[Nest] 3640  - [39m08/26/2026, 6:51:48 AM [33m   WARN[39m [38;5;3m[BusinessIDInterceptor] [39m[33mNo user found during request: undefined, path: /health, method:GET[39m
[95m[Nest] 3640  - [39m08/26/2026, 6:51:48 AM [95m  DEBUG[39m [38;5;3m[TimingInterceptor] [39m[95mCode Execution Time End 2ms[39m
[95m[Nest] 3640  - [39m08/26/2026, 6:51:48 AM [95m  DEBUG[39m [38;5;3m[TimingInterceptor] [39m[95mCode Execution Time Start[39m
[32m[Nest] 3640  - [39m08/26/2026, 6:51:48 AM [32m    LOG[39m [38;5;3m[BusinessIDInterceptor] [39m[32m API request info{"aud":"https://example1234.execute-api.us-east-1.amazonaws.com","azp":"sessWindermereConsole02","exp":1787730708,"gty":"client-credentials","iat":1787727108,"iss":"https://auth.meteringco.example/","permissions":["keys:read","keys:update","keys:delete"],"sub":"auth0|opwindermere93"}, path: /users/environment, method:PUT [39m
[32m[Nest] 3640  - [39m08/26/2026, 6:51:48 AM [32m    LOG[39m [38;5;3m[EnvironmentService] [39m[32mResults: [{"result":"_result","table":0,"_start":"1970-01-01T00:00:00.000000000Z","_stop":"2026-08-26T06:51:48.652000000Z","_time":"2024-02-05T09:00:00.000000000Z","_value":"production","_field":"environment","_measurement":"UserActiveEnvironment","subject":"auth0|opwindermere93"}][39m
[33m[Nest] 3640  - [39m08/26/2026, 6:51:48 AM [33m   WARN[39m [38;5;3m[UsersService] [39m[33mUserEntity for subject: auth0|opwindermere93 not in cache for env production[39m
[32m[Nest] 3640  - [39m08/26/2026, 6:51:48 AM [32m    LOG[39m [38;5;3m[EnvironmentService] [39m[32mResults: [{"result":"_result","table":0,"_start":"1970-01-01T00:00:00.000000000Z","_stop":"2026-08-26T06:51:48.701000000Z","_time":"2024-02-05T09:00:00.000000000Z","_value":"production","_field":"environment","_measurement":"UserActiveEnvironment","subject":"auth0|opwindermere93"}][39m
[95m[Nest] 3640  - [39m08/26/2026, 6:51:48 AM [95m  DEBUG[39m [38;5;3m[BusinessIDInterceptor] [39m[95mLogging BusinessID accessing MeteringCo windermere[39m
[95m[Nest] 3640  - [39m08/26/2026, 6:51:48 AM [95m  DEBUG[39m [38;5;3m[TimingInterceptor] [39m[95mCode Execution Time End 166ms[39m
[95m[Nest] 3640  - [39m08/26/2026, 6:51:48 AM [95m  DEBUG[39m [38;5;3m[TimingInterceptor] [39m[95mCode Execution Time Start[39m
[32m[Nest] 3640  - [39m08/26/2026, 6:51:48 AM [32m    LOG[39m [38;5;3m[BusinessIDInterceptor] [39m[32m API request info{"aud":"https://example1234.execute-api.us-east-1.amazonaws.com","azp":"sessWindermereConsole02","exp":1787730708,"gty":"client-credentials","iat":1787727108,"iss":"https://auth.meteringco.example/","permissions":["keys:read","keys:update","keys:delete"],"sub":"auth0|opwindermere93"}, path: /users/environment, method:PUT [39m
[32m[Nest] 3640  - [39m08/26/2026, 6:51:48 AM [32m    LOG[39m [38;5;3m[EnvironmentService] [39m[32mResults: [{"result":"_result","table":0,"_start":"1970-01-01T00:00:00.000000000Z","_stop":"2026-08-26T06:51:48.861000000Z","_time":"2026-08-26T06:51:48.815322336Z","_value":"sandbox","_field":"environment","_measurement":"UserActiveEnvironment","subject":"auth0|opwindermere93"}][39m
[33m[Nest] 3640  - [39m08/26/2026, 6:51:48 AM [33m   WARN[39m [38;5;3m[UsersService] [39m[33mUserEntity for subject: auth0|opwindermere93 not in cache for env sandbox[39m
[32m[Nest] 3640  - [39m08/26/2026, 6:51:48 AM [32m    LOG[39m [38;5;3m[EnvironmentService] [39m[32mResults: [{"result":"_result","table":0,"_start":"1970-01-01T00:00:00.000000000Z","_stop":"2026-08-26T06:51:48.920000000Z","_time":"2026-08-26T06:51:48.815322336Z","_value":"sandbox","_field":"environment","_measurement":"UserActiveEnvironment","subject":"auth0|opwindermere93"}][39m
[95m[Nest] 3640  - [39m08/26/2026, 6:51:49 AM [95m  DEBUG[39m [38;5;3m[BusinessIDInterceptor] [39m[95mLogging BusinessID accessing MeteringCo windermere-sandbox[39m
[95m[Nest] 3640  - [39m08/26/2026, 6:51:49 AM [95m  DEBUG[39m [38;5;3m[TimingInterceptor] [39m[95mCode Execution Time End 162ms[39m
[95m[Nest] 3640  - [39m08/26/2026, 6:51:49 AM [95m  DEBUG[39m [38;5;3m[TimingInterceptor] [39m[95mCode Execution Time Start[39m
[32m[Nest] 3640  - [39m08/26/2026, 6:51:49 AM [32m    LOG[39m [38;5;3m[BusinessIDInterceptor] [39m[32m API request info{"aud":"https://example1234.execute-api.us-east-1.amazonaws.com","azp":"sessWindermereConsole02","exp":1787730708,"gty":"client-credentials","iat":1787727108,"iss":"https://auth.meteringco.example/","permissions":["keys:read","keys:update","keys:delete"],"sub":"auth0|opwindermere93"}, path: /users/environment, method:GET [39m
[32m[Nest] 3640  - [39m08/26/2026, 6:51:49 AM [32m    LOG[39m [38;5;3m[EnvironmentService] [39m[32mResults: [{"result":"_result","table":0,"_start":"1970-01-01T00:00:00.000000000Z","_stop":"2026-08-26T06:51:49.030000000Z","_time":"2026-08-26T06:51:49.021213752Z","_value":"production","_field":"environment","_measurement":"UserActiveEnvironment","subject":"auth0|opwindermere93"}][39m
[33m[Nest] 3640  - [39m08/26/2026, 6:51:49 AM [33m   WARN[39m [38;5;3m[UsersService] [39m[33mUserEntity for subject: auth0|opwindermere93 not in cache for env production[39m
[32m[Nest] 3640  - [39m08/26/2026, 6:51:49 AM [32m    LOG[39m [38;5;3m[EnvironmentService] [39m[32mResults: [{"result":"_result","table":0,"_start":"1970-01-01T00:00:00.000000000Z","_stop":"2026-08-26T06:51:49.080000000Z","_time":"2026-08-26T06:51:49.021213752Z","_value":"production","_field":"environment","_measurement":"UserActiveEnvironment","subject":"auth0|opwindermere93"}][39m
[95m[Nest] 3640  - [39m08/26/2026, 6:51:49 AM [95m  DEBUG[39m [38;5;3m[BusinessIDInterceptor] [39m[95mLogging BusinessID accessing MeteringCo windermere[39m
[32m[Nest] 3640  - [39m08/26/2026, 6:51:49 AM [32m    LOG[39m [38;5;3m[EnvironmentService] [39m[32mResults: [{"result":"_result","table":0,"_start":"1970-01-01T00:00:00.000000000Z","_stop":"2026-08-26T06:51:49.181000000Z","_time":"2026-08-26T06:51:49.021213752Z","_value":"production","_field":"environment","_measurement":"UserActiveEnvironment","subject":"auth0|opwindermere93"}][39m
[95m[Nest] 3640  - [39m08/26/2026, 6:51:49 AM [95m  DEBUG[39m [38;5;3m[TimingInterceptor] [39m[95mCode Execution Time End 211ms[39m
