files the submission wrote or changed: 8
(node:3516) [DEP0060] DeprecationWarning: The `util._extend` API is deprecated. Please use Object.assign() instead.
(Use `node --trace-deprecation ...` to show where the warning was created)
candidate: NetworkOutDataGathererService.handleEgressBytes in src/microservices/networkOutDataGatherer/networkOutDataGatherer.service.ts (rank 4)
candidate: NetworkOutDataGathererService.handleInstanceNetworkEgress in src/microservices/networkOutDataGatherer/networkOutDataGatherer.service.ts (rank 4)
candidate: NetworkOutDataGathererService.handleInstanceNetworkOut in src/microservices/networkOutDataGatherer/networkOutDataGatherer.service.ts (rank 4)
candidate: NetworkOutDataGathererService.handleNetworkEgress in src/microservices/networkOutDataGatherer/networkOutDataGatherer.service.ts (rank 4)
candidate: NetworkOutDataGathererService.handleNetworkOut in src/microservices/networkOutDataGatherer/networkOutDataGatherer.service.ts (rank 4)
candidate: NetworkOutDataGathererService.handleNetworkOutBytes in src/microservices/networkOutDataGatherer/networkOutDataGatherer.service.ts (rank 4)
candidate: NetworkOutDataGathererService.readOperationJob in src/microservices/networkOutDataGatherer/networkOutDataGatherer.service.ts (rank 3)
candidate: DimensionsService.create in src/dimensions/dimensions.service.ts (rank 1)
candidate: DimensionsService.createKeyForManagedInfraDimensionSchedule in src/dimensions/dimensions.service.ts (rank 1)
candidate: DimensionsService.findAll in src/dimensions/dimensions.service.ts (rank 1)
candidate: DimensionsService.findByMeasurementId in src/dimensions/dimensions.service.ts (rank 1)
candidate: DimensionsService.findOne in src/dimensions/dimensions.service.ts (rank 1)
candidate: DimensionsService.remove in src/dimensions/dimensions.service.ts (rank 1)
candidate: DimensionsService.removeAll in src/dimensions/dimensions.service.ts (rank 1)
candidate: DimensionsService.ressourceTypeToDimensionType in src/dimensions/dimensions.service.ts (rank 1)
candidate: DimensionsService.transformDtoToEntityInput in src/dimensions/dimensions.service.ts (rank 1)
candidate: DimensionsService.update in src/dimensions/dimensions.service.ts (rank 1)
candidate: MeasurementConfigService.create in src/measurement-config/measurement-config.service.ts (rank 1)
candidate: MeasurementConfigService.createMeasurementConfig in src/measurement-config/measurement-config.service.ts (rank 1)
candidate: MeasurementConfigService.findAll in src/measurement-config/measurement-config.service.ts (rank 1)
candidate: MeasurementConfigService.findOne in src/measurement-config/measurement-config.service.ts (rank 1)
candidate: MeasurementConfigService.remove in src/measurement-config/measurement-config.service.ts (rank 1)
candidate: MeasurementConfigService.update in src/measurement-config/measurement-config.service.ts (rank 1)
candidate: MeasurementConfigService.validateIntelligentMeasurement in src/measurement-config/measurement-config.service.ts (rank 1)
[32m[Nest] 3516  - [39m08/26/2026, 7:00:48 AM [32m    LOG[39m [38;5;3m[NetworkOutDataGathererService] [39m[32mProcessing NetworkOut gathering event, logging inputs[39m
[32m[Nest] 3516  - [39m08/26/2026, 7:00:48 AM [32m    LOG[39m [38;5;3m[NetworkOutDataGathererService] [39m[32m{"rate":"*/5 * * * *","businessID":"biz-tessellate","externalId":"tes-hld-8821","subject":"biz-tessellate","region":"us-east-1","dimensionId":"dim_hld_transfer"}[39m
[32m[Nest] 3516  - [39m08/26/2026, 7:00:49 AM [32m    LOG[39m [38;5;3m[NetworkOutDataGathererService] [39m[32mSkipping customer cus_kestrelmoor with no datapoints[39m
[32m[Nest] 3516  - [39m08/26/2026, 7:00:49 AM [32m    LOG[39m [38;5;3m[NetworkOutDataGathererService] [39m[32mFinished collecting NetworkOut data[39m
[32m[Nest] 3516  - [39m08/26/2026, 7:00:49 AM [32m    LOG[39m [38;5;3m[NetworkOutDataGathererService] [39m[32mObject:[39m
{
  "customerCount": 7
}

NetworkOutDataGathererService.handleEgressBytes: 6 row(s)
driving NetworkOutDataGathererService.handleEgressBytes from src/microservices/networkOutDataGatherer/networkOutDataGatherer.service.ts
[transfer] 6 row(s)
[32m[Nest] 3516  - [39m08/26/2026, 7:00:49 AM [32m    LOG[39m [38;5;3m[NetworkOutDataGathererService] [39m[32mProcessing NetworkOut gathering event, logging inputs[39m
[32m[Nest] 3516  - [39m08/26/2026, 7:00:49 AM [32m    LOG[39m [38;5;3m[NetworkOutDataGathererService] [39m[32m{"rate":"*/5 * * * *","businessID":"biz-tessellate","externalId":"tes-hld-8821","subject":"biz-tessellate","region":"us-east-1","dimensionId":"dim_hld_replica"}[39m
[32m[Nest] 3516  - [39m08/26/2026, 7:00:49 AM [32m    LOG[39m [38;5;3m[NetworkOutDataGathererService] [39m[32mFinished collecting NetworkOut data[39m
[32m[Nest] 3516  - [39m08/26/2026, 7:00:49 AM [32m    LOG[39m [38;5;3m[NetworkOutDataGathererService] [39m[32mObject:[39m
{
  "customerCount": 2
}

[replica] 2 row(s)
