files the submission wrote or changed: 8
(node:2932) [DEP0060] DeprecationWarning: The `util._extend` API is deprecated. Please use Object.assign() instead.
(Use `node --trace-deprecation ...` to show where the warning was created)
candidate: Ec2NetworkOutDataGathererService.readOperationJob in src/microservices/ec2NetworkOutDataGatherer/ec2NetworkOutDataGatherer.service.ts (rank 4)
candidate: Ec2NetworkOutDataGathererService.readOperationJobBytesOut in src/microservices/ec2NetworkOutDataGatherer/ec2NetworkOutDataGatherer.service.ts (rank 4)
candidate: Ec2NetworkOutDataGathererService.readOperationJobNetworkOut in src/microservices/ec2NetworkOutDataGatherer/ec2NetworkOutDataGatherer.service.ts (rank 4)
candidate: DimensionsService.create in src/dimensions/dimensions.service.ts (rank 1)
candidate: DimensionsService.createKeyForManagedInfraDimensionSchedule in src/dimensions/dimensions.service.ts (rank 1)
candidate: DimensionsService.findAll in src/dimensions/dimensions.service.ts (rank 1)
candidate: DimensionsService.findByMeasurementId in src/dimensions/dimensions.service.ts (rank 1)
candidate: DimensionsService.findOne in src/dimensions/dimensions.service.ts (rank 1)
candidate: DimensionsService.remove in src/dimensions/dimensions.service.ts (rank 1)
candidate: DimensionsService.removeAll in src/dimensions/dimensions.service.ts (rank 1)
candidate: DimensionsService.ressourceTypeToDimensionType in src/dimensions/dimensions.service.ts (rank 1)
candidate: DimensionsService.transformDtoToEntityInput in src/dimensions/dimensions.service.ts (rank 1)
candidate: DimensionsService.update in src/dimensions/dimensions.service.ts (rank 1)
candidate: MeasurementConfigService.create in src/measurement-config/measurement-config.service.ts (rank 1)
candidate: MeasurementConfigService.createMeasurementConfig in src/measurement-config/measurement-config.service.ts (rank 1)
candidate: MeasurementConfigService.findAll in src/measurement-config/measurement-config.service.ts (rank 1)
candidate: MeasurementConfigService.findOne in src/measurement-config/measurement-config.service.ts (rank 1)
candidate: MeasurementConfigService.remove in src/measurement-config/measurement-config.service.ts (rank 1)
candidate: MeasurementConfigService.update in src/measurement-config/measurement-config.service.ts (rank 1)
candidate: MeasurementConfigService.validateIntelligentMeasurement in src/measurement-config/measurement-config.service.ts (rank 1)
[32m[Nest] 2932  - [39m08/26/2026, 6:57:43 AM [32m    LOG[39m [38;5;3m[Ec2NetworkOutDataGathererService] [39m[32mProcessing Automated EC2 Network Out gathering event, logging inputs[39m
[32m[Nest] 2932  - [39m08/26/2026, 6:57:43 AM [32m    LOG[39m [38;5;3m[Ec2NetworkOutDataGathererService] [39m[32m{"rate":"*/5 * * * *","businessID":"biz-tessellate","externalId":"tes-hld-8821","subject":"biz-tessellate","dimensionId":"dim_hld_transfer","region":"us-east-1"}[39m
[32m[Nest] 2932  - [39m08/26/2026, 6:57:43 AM [32m    LOG[39m [38;5;3m[Ec2NetworkOutDataGathererService] [39m[32mFound 10 instances matching dimension dim_hld_transfer[39m
[32m[Nest] 2932  - [39m08/26/2026, 6:57:43 AM [32m    LOG[39m [38;5;3m[Ec2NetworkOutDataGathererService] [39m[32mInstance i-0hld000000000101 customer cus_ravelin NetworkOut sum 7340032 for window 2026-08-26T06:45:00.000Z - 2026-08-26T06:50:00.000Z datapoints 1[39m
[32m[Nest] 2932  - [39m08/26/2026, 6:57:44 AM [32m    LOG[39m [38;5;3m[Ec2NetworkOutDataGathererService] [39m[32mInstance i-0hld000000000102 customer cus_ravelin NetworkOut sum 1048576 for window 2026-08-26T06:45:00.000Z - 2026-08-26T06:50:00.000Z datapoints 1[39m
[32m[Nest] 2932  - [39m08/26/2026, 6:57:44 AM [32m    LOG[39m [38;5;3m[Ec2NetworkOutDataGathererService] [39m[32mInstance i-0hld000000000103 customer cus_bastion NetworkOut sum 3145728 for window 2026-08-26T06:45:00.000Z - 2026-08-26T06:50:00.000Z datapoints 1[39m
[32m[Nest] 2932  - [39m08/26/2026, 6:57:44 AM [32m    LOG[39m [38;5;3m[Ec2NetworkOutDataGathererService] [39m[32mInstance i-0hld000000000104 customer cus_kestrelmoor NetworkOut sum 0 for window 2026-08-26T06:45:00.000Z - 2026-08-26T06:50:00.000Z datapoints 0[39m
[32m[Nest] 2932  - [39m08/26/2026, 6:57:44 AM [32m    LOG[39m [38;5;3m[Ec2NetworkOutDataGathererService] [39m[32mInstance i-0hld000000000105 customer cus_solenoid NetworkOut sum 0 for window 2026-08-26T06:45:00.000Z - 2026-08-26T06:50:00.000Z datapoints 1[39m
[32m[Nest] 2932  - [39m08/26/2026, 6:57:44 AM [32m    LOG[39m [38;5;3m[Ec2NetworkOutDataGathererService] [39m[32mInstance i-0hld000000000106 customer cus_tallow NetworkOut sum 524288 for window 2026-08-26T06:45:00.000Z - 2026-08-26T06:50:00.000Z datapoints 1[39m
[32m[Nest] 2932  - [39m08/26/2026, 6:57:44 AM [32m    LOG[39m [38;5;3m[Ec2NetworkOutDataGathererService] [39m[32mInstance i-0hld000000000110 customer cus_kestrelmoor NetworkOut sum 0 for window 2026-08-26T06:45:00.000Z - 2026-08-26T06:50:00.000Z datapoints 0[39m
[32m[Nest] 2932  - [39m08/26/2026, 6:57:44 AM [32m    LOG[39m [38;5;3m[Ec2NetworkOutDataGathererService] [39m[32mInstance i-0hld000000000111 customer cus_wharfage NetworkOut sum 2097152 for window 2026-08-26T06:45:00.000Z - 2026-08-26T06:50:00.000Z datapoints 1[39m
[32m[Nest] 2932  - [39m08/26/2026, 6:57:44 AM [32m    LOG[39m [38;5;3m[Ec2NetworkOutDataGathererService] [39m[32mInstance i-0hld000000000112 customer cus_wharfage NetworkOut sum 0 for window 2026-08-26T06:45:00.000Z - 2026-08-26T06:50:00.000Z datapoints 0[39m
[32m[Nest] 2932  - [39m08/26/2026, 6:57:44 AM [32m    LOG[39m [38;5;3m[Ec2NetworkOutDataGathererService] [39m[32mInstance i-0hld000000000113 customer cus_calliper NetworkOut sum 131072 for window 2026-08-26T06:45:00.000Z - 2026-08-26T06:50:00.000Z datapoints 1[39m
[32m[Nest] 2932  - [39m08/26/2026, 6:57:44 AM [32m    LOG[39m [38;5;3m[Ec2NetworkOutDataGathererService] [39m[32mFinished collecting EC2 Network Out data[39m
Ec2NetworkOutDataGathererService.readOperationJob: 7 row(s)
driving Ec2NetworkOutDataGathererService.readOperationJob from src/microservices/ec2NetworkOutDataGatherer/ec2NetworkOutDataGatherer.service.ts
[transfer] 7 row(s)
[32m[Nest] 2932  - [39m08/26/2026, 6:57:44 AM [32m    LOG[39m [38;5;3m[Ec2NetworkOutDataGathererService] [39m[32mProcessing Automated EC2 Network Out gathering event, logging inputs[39m
[32m[Nest] 2932  - [39m08/26/2026, 6:57:44 AM [32m    LOG[39m [38;5;3m[Ec2NetworkOutDataGathererService] [39m[32m{"rate":"*/5 * * * *","businessID":"biz-tessellate","externalId":"tes-hld-8821","subject":"biz-tessellate","dimensionId":"dim_hld_replica","region":"us-east-1"}[39m
[32m[Nest] 2932  - [39m08/26/2026, 6:57:44 AM [32m    LOG[39m [38;5;3m[Ec2NetworkOutDataGathererService] [39m[32mFound 2 instances matching dimension dim_hld_replica[39m
[32m[Nest] 2932  - [39m08/26/2026, 6:57:44 AM [32m    LOG[39m [38;5;3m[Ec2NetworkOutDataGathererService] [39m[32mInstance i-0hld000000000106 customer cus_tallow NetworkOut sum 524288 for window 2026-08-26T06:45:00.000Z - 2026-08-26T06:50:00.000Z datapoints 1[39m
[32m[Nest] 2932  - [39m08/26/2026, 6:57:44 AM [32m    LOG[39m [38;5;3m[Ec2NetworkOutDataGathererService] [39m[32mInstance i-0hld000000000107 customer cus_ferrule NetworkOut sum 393216 for window 2026-08-26T06:45:00.000Z - 2026-08-26T06:50:00.000Z datapoints 1[39m
[32m[Nest] 2932  - [39m08/26/2026, 6:57:44 AM [32m    LOG[39m [38;5;3m[Ec2NetworkOutDataGathererService] [39m[32mFinished collecting EC2 Network Out data[39m
[replica] 2 row(s)
