files the submission wrote or changed: 7
(node:3131) [DEP0060] DeprecationWarning: The `util._extend` API is deprecated. Please use Object.assign() instead.
(Use `node --trace-deprecation ...` to show where the warning was created)
candidate: NetworkOutDataGathererService.handleBandwidth in src/microservices/networkOutDataGatherer/networkOutDataGatherer.service.ts (rank 4)
candidate: NetworkOutDataGathererService.handleEgress in src/microservices/networkOutDataGatherer/networkOutDataGatherer.service.ts (rank 4)
candidate: NetworkOutDataGathererService.handleNetworkOut in src/microservices/networkOutDataGatherer/networkOutDataGatherer.service.ts (rank 4)
candidate: NetworkOutDataGathererService.handleNetworkOutBytes in src/microservices/networkOutDataGatherer/networkOutDataGatherer.service.ts (rank 4)
candidate: NetworkOutDataGathererService.handleOutboundNetwork in src/microservices/networkOutDataGatherer/networkOutDataGatherer.service.ts (rank 4)
candidate: NetworkOutDataGathererService.readOperationJob in src/microservices/networkOutDataGatherer/networkOutDataGatherer.service.ts (rank 3)
candidate: DimensionsService.create in src/dimensions/dimensions.service.ts (rank 1)
candidate: DimensionsService.createKeyForManagedInfraDimensionSchedule in src/dimensions/dimensions.service.ts (rank 1)
candidate: DimensionsService.findAll in src/dimensions/dimensions.service.ts (rank 1)
candidate: DimensionsService.findByMeasurementId in src/dimensions/dimensions.service.ts (rank 1)
candidate: DimensionsService.findOne in src/dimensions/dimensions.service.ts (rank 1)
candidate: DimensionsService.remove in src/dimensions/dimensions.service.ts (rank 1)
candidate: DimensionsService.removeAll in src/dimensions/dimensions.service.ts (rank 1)
candidate: DimensionsService.ressourceTypeToDimensionType in src/dimensions/dimensions.service.ts (rank 1)
candidate: DimensionsService.transformDtoToEntityInput in src/dimensions/dimensions.service.ts (rank 1)
candidate: DimensionsService.update in src/dimensions/dimensions.service.ts (rank 1)
[32m[Nest] 3131  - [39m08/26/2026, 7:21:53 AM [32m    LOG[39m [38;5;3m[NetworkOutDataGathererService] [39m[32mProcessing NetworkOut gathering event, logging inputs[39m
[32m[Nest] 3131  - [39m08/26/2026, 7:21:53 AM [32m    LOG[39m [38;5;3m[NetworkOutDataGathererService] [39m[32m{"rate":"*/5 * * * *","businessID":"biz-tessellate","externalId":"tes-hld-8821","subject":"biz-tessellate","dimensionId":"dim_hld_transfer","region":"us-east-1"}[39m
[32m[Nest] 3131  - [39m08/26/2026, 7:21:53 AM [32m    LOG[39m [38;5;3m[NetworkOutDataGathererService] [39m[32mPublished NetworkOut usage for customer cus_ravelin: 8388608 bytes[39m
[32m[Nest] 3131  - [39m08/26/2026, 7:21:53 AM [32m    LOG[39m [38;5;3m[NetworkOutDataGathererService] [39m[32mPublished NetworkOut usage for customer cus_bastion: 3145728 bytes[39m
[32m[Nest] 3131  - [39m08/26/2026, 7:21:53 AM [32m    LOG[39m [38;5;3m[NetworkOutDataGathererService] [39m[32mSkipping customer cus_kestrelmoor - no datapoints for any instance[39m
[32m[Nest] 3131  - [39m08/26/2026, 7:21:53 AM [32m    LOG[39m [38;5;3m[NetworkOutDataGathererService] [39m[32mPublished NetworkOut usage for customer cus_solenoid: 0 bytes[39m
[32m[Nest] 3131  - [39m08/26/2026, 7:21:53 AM [32m    LOG[39m [38;5;3m[NetworkOutDataGathererService] [39m[32mPublished NetworkOut usage for customer cus_tallow: 524288 bytes[39m
[32m[Nest] 3131  - [39m08/26/2026, 7:21:53 AM [32m    LOG[39m [38;5;3m[NetworkOutDataGathererService] [39m[32mPublished NetworkOut usage for customer cus_wharfage: 2097152 bytes[39m
[32m[Nest] 3131  - [39m08/26/2026, 7:21:53 AM [32m    LOG[39m [38;5;3m[NetworkOutDataGathererService] [39m[32mPublished NetworkOut usage for customer cus_calliper: 131072 bytes[39m
[32m[Nest] 3131  - [39m08/26/2026, 7:21:53 AM [32m    LOG[39m [38;5;3m[NetworkOutDataGathererService] [39m[32mFinished collecting NetworkOut data[39m
NetworkOutDataGathererService.handleBandwidth: 6 row(s)
driving NetworkOutDataGathererService.handleBandwidth from src/microservices/networkOutDataGatherer/networkOutDataGatherer.service.ts
[transfer] 6 row(s)
[32m[Nest] 3131  - [39m08/26/2026, 7:21:53 AM [32m    LOG[39m [38;5;3m[NetworkOutDataGathererService] [39m[32mProcessing NetworkOut gathering event, logging inputs[39m
[32m[Nest] 3131  - [39m08/26/2026, 7:21:53 AM [32m    LOG[39m [38;5;3m[NetworkOutDataGathererService] [39m[32m{"rate":"*/5 * * * *","businessID":"biz-tessellate","externalId":"tes-hld-8821","subject":"biz-tessellate","dimensionId":"dim_hld_replica","region":"us-east-1"}[39m
[32m[Nest] 3131  - [39m08/26/2026, 7:21:53 AM [32m    LOG[39m [38;5;3m[NetworkOutDataGathererService] [39m[32mPublished NetworkOut usage for customer cus_tallow: 524288 bytes[39m
[32m[Nest] 3131  - [39m08/26/2026, 7:21:53 AM [32m    LOG[39m [38;5;3m[NetworkOutDataGathererService] [39m[32mPublished NetworkOut usage for customer cus_ferrule: 393216 bytes[39m
[32m[Nest] 3131  - [39m08/26/2026, 7:21:53 AM [32m    LOG[39m [38;5;3m[NetworkOutDataGathererService] [39m[32mFinished collecting NetworkOut data[39m
[replica] 2 row(s)
