[32m[Nest] 3206  - [39m08/26/2026, 7:18:23 AM [32m    LOG[39m [38;5;3m[InfluxService] [39m[32mInflux URL: http://127.0.0.1:4566, Influx Org: meteringco[39m
[95m[Nest] 3206  - [39m08/26/2026, 7:18:23 AM [95m  DEBUG[39m [38;5;3m[TokenConsumerService] [39m[95mRetrieved customer: cus-2d83-harborline-prod from token cache with MeteringCoBusinessID: meteringco-production[39m
[95m[Nest] 3206  - [39m08/26/2026, 7:18:23 AM [95m  DEBUG[39m [38;5;3m[TokenConsumerService] [39m[95mRetrieved customer: cus-2d83-harborline-prod from token cache with MeteringCoBusinessID: meteringco-production[39m
[95m[Nest] 3206  - [39m08/26/2026, 7:18:23 AM [95m  DEBUG[39m [38;5;3m[TokenConsumerService] [39m[95mRetrieved customer: cus-2d83-harborline-prod from token cache with MeteringCoBusinessID: meteringco-production[39m
[95m[Nest] 3206  - [39m08/26/2026, 7:18:23 AM [95m  DEBUG[39m [38;5;3m[TokenConsumerService] [39m[95mRetrieved customer: cus-2d83-harborline-prod from token cache with MeteringCoBusinessID: meteringco-production[39m
[95m[Nest] 3206  - [39m08/26/2026, 7:18:23 AM [95m  DEBUG[39m [38;5;3m[TokenConsumerService] [39m[95mRetrieved customer: cus-2d83-harborline-prod from token cache with MeteringCoBusinessID: meteringco-production[39m
[95m[Nest] 3206  - [39m08/26/2026, 7:18:23 AM [95m  DEBUG[39m [38;5;3m[TokenConsumerService] [39m[95mRetrieved customer: cus-2d83-harborline-prod from token cache with MeteringCoBusinessID: meteringco-production[39m
[95m[Nest] 3206  - [39m08/26/2026, 7:18:23 AM [95m  DEBUG[39m [38;5;3m[TokenConsumerService] [39m[95mRetrieved customer: cus-2d83-harborline-prod from token cache with MeteringCoBusinessID: meteringco-production[39m
[95m[Nest] 3206  - [39m08/26/2026, 7:18:23 AM [95m  DEBUG[39m [38;5;3m[TokenConsumerService] [39m[95mRetrieved customer: cus-2d83-harborline-prod from token cache with MeteringCoBusinessID: meteringco-production[39m
[32m[Nest] 3206  - [39m08/26/2026, 7:18:23 AM [32m    LOG[39m [38;5;3m[TokenConsumerAsyncProcessor] [39m[32mProcessing Token aggregation[39m
[32m[Nest] 3206  - [39m08/26/2026, 7:18:23 AM [32m    LOG[39m [38;5;3m[TokenConsumerAsyncProcessor] [39m[32mObject:[39m
{
  "businessID": "harborline-freight",
  "subject": "auth0|harborline-ops-6d21",
  "dimensionType": "aggregation-processor",
  "startDate": "2026-08-25T19:18:20.330Z",
  "endDate": "2026-08-26T01:18:20.330Z",
  "rate": "0 */6 * * *",
  "scheduleParameters": {
    "businessID": "harborline-freight",
    "subject": "auth0|harborline-ops-6d21",
    "dimensionType": "aggregation-processor",
    "startDate": "2026-08-25T19:18:20.330Z",
    "endDate": "2026-08-26T01:18:20.330Z"
  }
}

[95m[Nest] 3206  - [39m08/26/2026, 7:18:23 AM [95m  DEBUG[39m [38;5;3m[TokenConsumerService] [39m[95mRetrieved customer: cus-2d83-harborline-prod from token cache with MeteringCoBusinessID: meteringco-production[39m
[95m[Nest] 3206  - [39m08/26/2026, 7:18:23 AM [95m  DEBUG[39m [38;5;3m[TokenConsumerService] [39m[95mMetering Token for businessID: harborline-freight, purpose: apiCall[39m
[95m[Nest] 3206  - [39m08/26/2026, 7:18:23 AM [95m  DEBUG[39m [38;5;3m[TokenConsumerService] [39m[95mRetrieved customer: cus-2d83-harborline-prod from token cache with MeteringCoBusinessID: meteringco-production[39m
[95m[Nest] 3206  - [39m08/26/2026, 7:18:23 AM [95m  DEBUG[39m [38;5;3m[TokenConsumerService] [39m[95mMetering Token for meteringco customerId: cus-2d83-harborline-prod[39m
[95m[Nest] 3206  - [39m08/26/2026, 7:18:23 AM [95m  DEBUG[39m [38;5;3m[TokenConsumerService] [39m[95mBilled 0.008 to cus-2d83-harborline-prod meteringco-production 697f07d0-3180-4351-bdff-7ca029e6c18d at 2026-08-26T01:18:20.330Z[39m
[32m[Nest] 3206  - [39m08/26/2026, 7:18:23 AM [32m    LOG[39m [38;5;3m[TokenConsumerAsyncProcessor] [39m[32mBilled 0.008 for cus-2d83-harborline-prod period 2026-08-25T19:18:20.330Z -> 2026-08-26T01:18:20.330Z[39m
[95m[Nest] 3206  - [39m08/26/2026, 7:18:24 AM [95m  DEBUG[39m [38;5;3m[TokenConsumerService] [39m[95mRetrieved customer: cus-2d83-harborline-prod from token cache with MeteringCoBusinessID: meteringco-production[39m
[95m[Nest] 3206  - [39m08/26/2026, 7:18:24 AM [95m  DEBUG[39m [38;5;3m[TokenConsumerService] [39m[95mRetrieved customer: cus-2d83-harborline-prod from token cache with MeteringCoBusinessID: meteringco-production[39m
[95m[Nest] 3206  - [39m08/26/2026, 7:18:24 AM [95m  DEBUG[39m [38;5;3m[TokenConsumerService] [39m[95mRetrieved customer: cus-2d83-harborline-prod from token cache with MeteringCoBusinessID: meteringco-production[39m
[95m[Nest] 3206  - [39m08/26/2026, 7:18:24 AM [95m  DEBUG[39m [38;5;3m[TokenConsumerService] [39m[95mRetrieved customer: cus-2d83-harborline-prod from token cache with MeteringCoBusinessID: meteringco-production[39m
[95m[Nest] 3206  - [39m08/26/2026, 7:18:24 AM [95m  DEBUG[39m [38;5;3m[TokenConsumerService] [39m[95mRetrieved customer: cus-2d83-harborline-prod from token cache with MeteringCoBusinessID: meteringco-production[39m
[95m[Nest] 3206  - [39m08/26/2026, 7:18:24 AM [95m  DEBUG[39m [38;5;3m[TokenConsumerService] [39m[95mRetrieved customer: cus-2d83-harborline-prod from token cache with MeteringCoBusinessID: meteringco-production[39m
[95m[Nest] 3206  - [39m08/26/2026, 7:18:24 AM [95m  DEBUG[39m [38;5;3m[TokenConsumerService] [39m[95mRetrieved customer: cus-6a17-harborline-alt from token cache with MeteringCoBusinessID: meteringco-sandbox[39m
[32m[Nest] 3206  - [39m08/26/2026, 7:18:24 AM [32m    LOG[39m [38;5;3m[TokenConsumerAsyncProcessor] [39m[32mProcessing Token aggregation[39m
[32m[Nest] 3206  - [39m08/26/2026, 7:18:24 AM [32m    LOG[39m [38;5;3m[TokenConsumerAsyncProcessor] [39m[32mObject:[39m
{
  "businessID": "harborline-freight",
  "subject": "auth0|harborline-ops-6d21",
  "dimensionType": "aggregation-processor",
  "startDate": "2026-08-26T01:18:20.330Z",
  "endDate": "2026-08-26T09:18:20.330Z",
  "rate": "0 */6 * * *",
  "scheduleParameters": {
    "businessID": "harborline-freight",
    "subject": "auth0|harborline-ops-6d21",
    "dimensionType": "aggregation-processor",
    "startDate": "2026-08-26T01:18:20.330Z",
    "endDate": "2026-08-26T09:18:20.330Z"
  }
}

[95m[Nest] 3206  - [39m08/26/2026, 7:18:24 AM [95m  DEBUG[39m [38;5;3m[TokenConsumerService] [39m[95mRetrieved customer: cus-2d83-harborline-prod from token cache with MeteringCoBusinessID: meteringco-production[39m
[95m[Nest] 3206  - [39m08/26/2026, 7:18:24 AM [95m  DEBUG[39m [38;5;3m[TokenConsumerService] [39m[95mMetering Token for businessID: harborline-freight, purpose: apiCall[39m
[95m[Nest] 3206  - [39m08/26/2026, 7:18:24 AM [95m  DEBUG[39m [38;5;3m[TokenConsumerService] [39m[95mRetrieved customer: cus-2d83-harborline-prod from token cache with MeteringCoBusinessID: meteringco-production[39m
[95m[Nest] 3206  - [39m08/26/2026, 7:18:24 AM [95m  DEBUG[39m [38;5;3m[TokenConsumerService] [39m[95mMetering Token for meteringco customerId: cus-2d83-harborline-prod[39m
[95m[Nest] 3206  - [39m08/26/2026, 7:18:24 AM [95m  DEBUG[39m [38;5;3m[TokenConsumerService] [39m[95mBilled 0.003 to cus-2d83-harborline-prod meteringco-production 697f07d0-3180-4351-bdff-7ca029e6c18d at 2026-08-26T09:18:20.330Z[39m
[32m[Nest] 3206  - [39m08/26/2026, 7:18:24 AM [32m    LOG[39m [38;5;3m[TokenConsumerAsyncProcessor] [39m[32mBilled 0.003 for cus-2d83-harborline-prod period 2026-08-26T01:18:20.330Z -> 2026-08-26T09:18:20.330Z[39m
[32m[Nest] 3206  - [39m08/26/2026, 7:18:24 AM [32m    LOG[39m [38;5;3m[TokenConsumerAsyncProcessor] [39m[32mProcessing Token aggregation[39m
[32m[Nest] 3206  - [39m08/26/2026, 7:18:24 AM [32m    LOG[39m [38;5;3m[TokenConsumerAsyncProcessor] [39m[32mObject:[39m
{
  "businessID": "harborline-staging",
  "subject": "auth0|harborline-ops-6d21",
  "dimensionType": "aggregation-processor",
  "startDate": "2026-08-26T01:18:20.330Z",
  "endDate": "2026-08-26T09:18:20.330Z",
  "rate": "0 */6 * * *",
  "scheduleParameters": {
    "businessID": "harborline-staging",
    "subject": "auth0|harborline-ops-6d21",
    "dimensionType": "aggregation-processor",
    "startDate": "2026-08-26T01:18:20.330Z",
    "endDate": "2026-08-26T09:18:20.330Z"
  }
}

[95m[Nest] 3206  - [39m08/26/2026, 7:18:24 AM [95m  DEBUG[39m [38;5;3m[TokenConsumerService] [39m[95mRetrieved customer: cus-6a17-harborline-alt from token cache with MeteringCoBusinessID: meteringco-sandbox[39m
[95m[Nest] 3206  - [39m08/26/2026, 7:18:24 AM [95m  DEBUG[39m [38;5;3m[TokenConsumerService] [39m[95mMetering Token for businessID: harborline-staging, purpose: apiCall[39m
[95m[Nest] 3206  - [39m08/26/2026, 7:18:24 AM [95m  DEBUG[39m [38;5;3m[TokenConsumerService] [39m[95mRetrieved customer: cus-6a17-harborline-alt from token cache with MeteringCoBusinessID: meteringco-sandbox[39m
[95m[Nest] 3206  - [39m08/26/2026, 7:18:24 AM [95m  DEBUG[39m [38;5;3m[TokenConsumerService] [39m[95mMetering Token for meteringco customerId: cus-6a17-harborline-alt[39m
[95m[Nest] 3206  - [39m08/26/2026, 7:18:24 AM [95m  DEBUG[39m [38;5;3m[TokenConsumerService] [39m[95mBilled 0.001 to cus-6a17-harborline-alt meteringco-sandbox 00abdf4f-f975-41c6-8293-76ba09a5cb23 at 2026-08-26T09:18:20.330Z[39m
[32m[Nest] 3206  - [39m08/26/2026, 7:18:24 AM [32m    LOG[39m [38;5;3m[TokenConsumerAsyncProcessor] [39m[32mBilled 0.001 for cus-6a17-harborline-alt period 2026-08-26T01:18:20.330Z -> 2026-08-26T09:18:20.330Z[39m
