[32m[Nest] 3806  - [39m08/26/2026, 7:43:30 AM [32m    LOG[39m [38;5;3m[InfluxService] [39m[32mInflux URL: http://127.0.0.1:4566, Influx Org: meteringco[39m
[95m[Nest] 3806  - [39m08/26/2026, 7:43:30 AM [95m  DEBUG[39m [38;5;3m[TokenConsumerService] [39m[95mRetrieved customer: cus-2d83-harborline-prod from token cache with MeteringCoBusinessID: meteringco-production[39m
[95m[Nest] 3806  - [39m08/26/2026, 7:43:30 AM [95m  DEBUG[39m [38;5;3m[TokenConsumerService] [39m[95mRetrieved customer: cus-2d83-harborline-prod from token cache with MeteringCoBusinessID: meteringco-production[39m
[95m[Nest] 3806  - [39m08/26/2026, 7:43:30 AM [95m  DEBUG[39m [38;5;3m[TokenConsumerService] [39m[95mRetrieved customer: cus-2d83-harborline-prod from token cache with MeteringCoBusinessID: meteringco-production[39m
[95m[Nest] 3806  - [39m08/26/2026, 7:43:30 AM [95m  DEBUG[39m [38;5;3m[TokenConsumerService] [39m[95mRetrieved customer: cus-2d83-harborline-prod from token cache with MeteringCoBusinessID: meteringco-production[39m
[95m[Nest] 3806  - [39m08/26/2026, 7:43:30 AM [95m  DEBUG[39m [38;5;3m[TokenConsumerService] [39m[95mRetrieved customer: cus-2d83-harborline-prod from token cache with MeteringCoBusinessID: meteringco-production[39m
[95m[Nest] 3806  - [39m08/26/2026, 7:43:30 AM [95m  DEBUG[39m [38;5;3m[TokenConsumerService] [39m[95mRetrieved customer: cus-2d83-harborline-prod from token cache with MeteringCoBusinessID: meteringco-production[39m
[95m[Nest] 3806  - [39m08/26/2026, 7:43:30 AM [95m  DEBUG[39m [38;5;3m[TokenConsumerService] [39m[95mRetrieved customer: cus-2d83-harborline-prod from token cache with MeteringCoBusinessID: meteringco-production[39m
[95m[Nest] 3806  - [39m08/26/2026, 7:43:30 AM [95m  DEBUG[39m [38;5;3m[TokenConsumerService] [39m[95mRetrieved customer: cus-2d83-harborline-prod from token cache with MeteringCoBusinessID: meteringco-production[39m
[95m[Nest] 3806  - [39m08/26/2026, 7:43:31 AM [95m  DEBUG[39m [38;5;3m[TokenConsumerService] [39m[95mRetrieved customer: cus-2d83-harborline-prod from token cache with MeteringCoBusinessID: meteringco-production[39m
[95m[Nest] 3806  - [39m08/26/2026, 7:43:31 AM [95m  DEBUG[39m [38;5;3m[TokenConsumerService] [39m[95mMetering Token for businessID: harborline-freight, purpose: apiCall[39m
[95m[Nest] 3806  - [39m08/26/2026, 7:43:31 AM [95m  DEBUG[39m [38;5;3m[TokenConsumerService] [39m[95mRetrieved customer: cus-2d83-harborline-prod from token cache with MeteringCoBusinessID: meteringco-production[39m
[95m[Nest] 3806  - [39m08/26/2026, 7:43:31 AM [95m  DEBUG[39m [38;5;3m[TokenConsumerService] [39m[95mMetering Token for meteringco customerId: cus-2d83-harborline-prod[39m
[32m[Nest] 3806  - [39m08/26/2026, 7:43:31 AM [32m    LOG[39m [38;5;3m[TokenConsumerAsyncProcessor] [39m[32mBilled cus-2d83-harborline-prod window 2026-08-25T19:43:26.041Z - 2026-08-26T01:43:26.041Z total 0.008[39m
[95m[Nest] 3806  - [39m08/26/2026, 7:43:31 AM [95m  DEBUG[39m [38;5;3m[TokenConsumerService] [39m[95mRetrieved customer: cus-2d83-harborline-prod from token cache with MeteringCoBusinessID: meteringco-production[39m
[95m[Nest] 3806  - [39m08/26/2026, 7:43:31 AM [95m  DEBUG[39m [38;5;3m[TokenConsumerService] [39m[95mRetrieved customer: cus-2d83-harborline-prod from token cache with MeteringCoBusinessID: meteringco-production[39m
[95m[Nest] 3806  - [39m08/26/2026, 7:43:31 AM [95m  DEBUG[39m [38;5;3m[TokenConsumerService] [39m[95mRetrieved customer: cus-2d83-harborline-prod from token cache with MeteringCoBusinessID: meteringco-production[39m
[95m[Nest] 3806  - [39m08/26/2026, 7:43:31 AM [95m  DEBUG[39m [38;5;3m[TokenConsumerService] [39m[95mRetrieved customer: cus-2d83-harborline-prod from token cache with MeteringCoBusinessID: meteringco-production[39m
[95m[Nest] 3806  - [39m08/26/2026, 7:43:31 AM [95m  DEBUG[39m [38;5;3m[TokenConsumerService] [39m[95mRetrieved customer: cus-2d83-harborline-prod from token cache with MeteringCoBusinessID: meteringco-production[39m
[95m[Nest] 3806  - [39m08/26/2026, 7:43:31 AM [95m  DEBUG[39m [38;5;3m[TokenConsumerService] [39m[95mRetrieved customer: cus-2d83-harborline-prod from token cache with MeteringCoBusinessID: meteringco-production[39m
[95m[Nest] 3806  - [39m08/26/2026, 7:43:31 AM [95m  DEBUG[39m [38;5;3m[TokenConsumerService] [39m[95mRetrieved customer: cus-6a17-harborline-alt from token cache with MeteringCoBusinessID: meteringco-sandbox[39m
[95m[Nest] 3806  - [39m08/26/2026, 7:43:31 AM [95m  DEBUG[39m [38;5;3m[TokenConsumerService] [39m[95mRetrieved customer: cus-2d83-harborline-prod from token cache with MeteringCoBusinessID: meteringco-production[39m
[32m[Nest] 3806  - [39m08/26/2026, 7:43:31 AM [32m    LOG[39m [38;5;3m[TokenConsumerAsyncProcessor] [39m[32mSkipping already billed window billed:cus-2d83-harborline-prod:2026-08-26T01:43:26.041Z:2026-08-26T09:43:26.041Z via usage check[39m
[95m[Nest] 3806  - [39m08/26/2026, 7:43:31 AM [95m  DEBUG[39m [38;5;3m[TokenConsumerService] [39m[95mRetrieved customer: cus-6a17-harborline-alt from token cache with MeteringCoBusinessID: meteringco-sandbox[39m
[95m[Nest] 3806  - [39m08/26/2026, 7:43:31 AM [95m  DEBUG[39m [38;5;3m[TokenConsumerService] [39m[95mMetering Token for businessID: harborline-staging, purpose: apiCall[39m
[95m[Nest] 3806  - [39m08/26/2026, 7:43:31 AM [95m  DEBUG[39m [38;5;3m[TokenConsumerService] [39m[95mRetrieved customer: cus-6a17-harborline-alt from token cache with MeteringCoBusinessID: meteringco-sandbox[39m
[95m[Nest] 3806  - [39m08/26/2026, 7:43:31 AM [95m  DEBUG[39m [38;5;3m[TokenConsumerService] [39m[95mMetering Token for meteringco customerId: cus-6a17-harborline-alt[39m
[32m[Nest] 3806  - [39m08/26/2026, 7:43:31 AM [32m    LOG[39m [38;5;3m[TokenConsumerAsyncProcessor] [39m[32mBilled cus-6a17-harborline-alt window 2026-08-26T01:43:26.041Z - 2026-08-26T09:43:26.041Z total 0.001[39m
