[32m[Nest] 134  - [39m08/24/2026, 5:45:43 PM [32m    LOG[39m [38;5;3m[CustomerEmailProcessor] [39m[32mSending Email to Customer[39m
[32m[Nest] 134  - [39m08/24/2026, 5:45:43 PM [32m    LOG[39m [38;5;3m[CustomerEmailProcessor] [39m[32mEmail sending parameters, subject: New invoice from Bravado Freight #INV-90311, fromName: Bravado Freight fromEmail" no-reply@meteringco.example toEmail: accounts@meridian-labs.example replyToName: support@meteringco.example replyToEmail: support@meteringco.example[39m
[32m[Nest] 134  - [39m08/24/2026, 5:45:45 PM [32m    LOG[39m [38;5;3m[CustomerEmailProcessor] [39m[32mSending Email to Customer[39m
[32m[Nest] 134  - [39m08/24/2026, 5:45:45 PM [32m    LOG[39m [38;5;3m[CustomerEmailProcessor] [39m[32mEmail sending parameters, subject: Facture — Bravado Frêt #INV-90312, fromName: Bravado Frêt Société Anonyme fromEmail" no-reply@meteringco.example toEmail: comptabilite@sable-foods.example replyToName: support@meteringco.example replyToEmail: support@meteringco.example[39m
[32m[Nest] 134  - [39m08/24/2026, 5:45:47 PM [32m    LOG[39m [38;5;3m[CustomerEmailProcessor] [39m[32mSending Email to Customer[39m
[32m[Nest] 134  - [39m08/24/2026, 5:45:47 PM [32m    LOG[39m [38;5;3m[CustomerEmailProcessor] [39m[32mEmail sending parameters, subject: Zahlungsbestätigung, fromName: Bravado Freight fromEmail" no-reply@meteringco.example toEmail: kreditoren@nordwind-guss.example replyToName: hilfe@meteringco.example replyToEmail: hilfe@meteringco.example[39m
[32m[Nest] 134  - [39m08/24/2026, 5:45:49 PM [32m    LOG[39m [38;5;3m[CustomerEmailProcessor] [39m[32mSending Email to Customer[39m
[32m[Nest] 134  - [39m08/24/2026, 5:45:49 PM [32m    LOG[39m [38;5;3m[CustomerEmailProcessor] [39m[32mEmail sending parameters, subject: Payment received for INV-90309, fromName: Bravado Freight fromEmail" no-reply@meteringco.example toEmail: ap@kestrel-marine.example replyToName: support@meteringco.example replyToEmail: support@meteringco.example[39m
[32m[Nest] 134  - [39m08/24/2026, 5:45:51 PM [32m    LOG[39m [38;5;3m[CustomerEmailProcessor] [39m[32mSending Email to Customer[39m
[32m[Nest] 134  - [39m08/24/2026, 5:45:51 PM [32m    LOG[39m [38;5;3m[CustomerEmailProcessor] [39m[32mEmail sending parameters, subject: Statement 2026-02 for Kestrel Marine, fromName: Bravado Freight fromEmail" invoices@bravado-freight.example toEmail: statements@kestrel-marine.example replyToName: support@meteringco.example replyToEmail: support@meteringco.example[39m
[32m[Nest] 134  - [39m08/24/2026, 5:45:54 PM [32m    LOG[39m [38;5;3m[CustomerEmailProcessor] [39m[32mSending Email to Customer[39m
[32m[Nest] 134  - [39m08/24/2026, 5:45:54 PM [32m    LOG[39m [38;5;3m[CustomerEmailProcessor] [39m[32mEmail sending parameters, subject: Contract renewal for Meridian Labs, fromName: Bravado Freight fromEmail" no-reply@meteringco.example toEmail: legal@meridian-labs.example replyToName: support@meteringco.example replyToEmail: support@meteringco.example[39m
[32m[Nest] 134  - [39m08/24/2026, 5:45:56 PM [32m    LOG[39m [38;5;3m[CustomerEmailProcessor] [39m[32mSending Email to Customer[39m
[32m[Nest] 134  - [39m08/24/2026, 5:45:58 PM [32m    LOG[39m [38;5;3m[CustomerEmailProcessor] [39m[32mSending Email to Customer[39m
[32m[Nest] 134  - [39m08/24/2026, 5:45:58 PM [32m    LOG[39m [38;5;3m[CustomerEmailProcessor] [39m[32mEmail sending parameters, subject: New invoice from Bravado Freight #INV-90314, fromName: Bravado Freight fromEmail" no-reply@meteringco.example toEmail: hardbounce@meridian-labs.example replyToName: support@meteringco.example replyToEmail: support@meteringco.example[39m
[31m[Nest] 134  - [39m08/24/2026, 5:45:58 PM [31m  ERROR[39m [38;5;3m[CustomerEmailProcessor] [39m[31mAn error occured while processing the email to hardbounce@meridian-labs.example[39m
[31m[Nest] 134  - [39m08/24/2026, 5:45:58 PM [31m  ERROR[39m [38;5;3m[CustomerEmailProcessor] [39m[31mMessageRejected: Recipient address on the account-level suppression list: hardbounce@meridian-labs.example[39m
[32m[Nest] 134  - [39m08/24/2026, 5:46:00 PM [32m    LOG[39m [38;5;3m[CustomerEmailProcessor] [39m[32mSending Email to Customer[39m
[32m[Nest] 134  - [39m08/24/2026, 5:46:00 PM [32m    LOG[39m [38;5;3m[CustomerEmailProcessor] [39m[32mEmail sending parameters, subject: Overdue notice for Sable Foods, fromName: Bravado Freight fromEmail" no-reply@meteringco.example toEmail: quarantine@sable-foods.example replyToName: support@meteringco.example replyToEmail: support@meteringco.example[39m
[31m[Nest] 134  - [39m08/24/2026, 5:46:00 PM [31m  ERROR[39m [38;5;3m[CustomerEmailProcessor] [39m[31mAn error occured while processing the email to quarantine@sable-foods.example[39m
[31m[Nest] 134  - [39m08/24/2026, 5:46:00 PM [31m  ERROR[39m [38;5;3m[CustomerEmailProcessor] [39m[31mMessageRejected: Recipient address on the account-level suppression list: quarantine@sable-foods.example[39m
[32m[Nest] 134  - [39m08/24/2026, 5:46:02 PM [32m    LOG[39m [38;5;3m[CustomerEmailProcessor] [39m[32mSending Email to Customer[39m
[32m[Nest] 134  - [39m08/24/2026, 5:46:02 PM [32m    LOG[39m [38;5;3m[CustomerEmailProcessor] [39m[32mEmail sending parameters, subject: 請求書 #INV-90315 — Bravado Freight, fromName: Bravado Freight 株式会社 fromEmail" no-reply@meteringco.example toEmail: keiri@aoi-denki.example replyToName: support@meteringco.example replyToEmail: support@meteringco.example[39m
[32m[Nest] 134  - [39m08/24/2026, 5:46:04 PM [32m    LOG[39m [38;5;3m[CustomerEmailProcessor] [39m[32mSending Email to Customer[39m
[32m[Nest] 134  - [39m08/24/2026, 5:46:04 PM [32m    LOG[39m [38;5;3m[CustomerEmailProcessor] [39m[32mEmail sending parameters, subject: Receipt for INV-90316, fromName:  fromEmail" no-reply@meteringco.example toEmail: billing@harrow-optics.example replyToName: support@meteringco.example replyToEmail: support@meteringco.example[39m
[32m[Nest] 134  - [39m08/24/2026, 5:46:06 PM [32m    LOG[39m [38;5;3m[CustomerEmailProcessor] [39m[32mSending Email to Customer[39m
[32m[Nest] 134  - [39m08/24/2026, 5:46:06 PM [32m    LOG[39m [38;5;3m[CustomerEmailProcessor] [39m[32mEmail sending parameters, subject: New invoice from Bravado Freight #INV-90317, fromName: Bravado Freight fromEmail" no-reply@meteringco.example toEmail: ap@windlass-rail.example replyToName: support@meteringco.example replyToEmail: support@meteringco.example[39m
