files the submission wrote or changed: 7
(node:2956) [DEP0060] DeprecationWarning: The `util._extend` API is deprecated. Please use Object.assign() instead.
(Use `node --trace-deprecation ...` to show where the warning was created)
candidate: NetworkOutDataGathererService.readOperationJob in src/microservices/networkOutDataGatherer/networkOutDataGatherer.service.ts (rank 4)
candidate: DimensionsService.create in src/dimensions/dimensions.service.ts (rank 1)
candidate: DimensionsService.createKeyForManagedInfraDimensionSchedule in src/dimensions/dimensions.service.ts (rank 1)
candidate: DimensionsService.findAll in src/dimensions/dimensions.service.ts (rank 1)
candidate: DimensionsService.findByMeasurementId in src/dimensions/dimensions.service.ts (rank 1)
candidate: DimensionsService.findOne in src/dimensions/dimensions.service.ts (rank 1)
candidate: DimensionsService.remove in src/dimensions/dimensions.service.ts (rank 1)
candidate: DimensionsService.removeAll in src/dimensions/dimensions.service.ts (rank 1)
candidate: DimensionsService.ressourceTypeToDimensionType in src/dimensions/dimensions.service.ts (rank 1)
candidate: DimensionsService.transformDtoToEntityInput in src/dimensions/dimensions.service.ts (rank 1)
candidate: DimensionsService.update in src/dimensions/dimensions.service.ts (rank 1)
[32m[Nest] 2956  - [39m08/26/2026, 7:25:08 AM [32m    LOG[39m [38;5;3m[NetworkOutDataGathererService] [39m[32mProcessing NetworkOut gathering event, logging inputs[39m
[32m[Nest] 2956  - [39m08/26/2026, 7:25:08 AM [32m    LOG[39m [38;5;3m[NetworkOutDataGathererService] [39m[32m{"rate":"*/5 * * * *","businessID":"biz-tessellate","externalId":"tes-hld-8821","subject":"biz-tessellate","dimensionId":"dim_hld_transfer","region":"us-east-1"}[39m
[32m[Nest] 2956  - [39m08/26/2026, 7:25:08 AM [32m    LOG[39m [38;5;3m[NetworkOutDataGathererService] [39m[32mFinished collecting NetworkOut data for 10 instances, 6 customers[39m
NetworkOutDataGathererService.readOperationJob: 6 row(s)
driving NetworkOutDataGathererService.readOperationJob from src/microservices/networkOutDataGatherer/networkOutDataGatherer.service.ts
[transfer] 6 row(s)
[32m[Nest] 2956  - [39m08/26/2026, 7:25:08 AM [32m    LOG[39m [38;5;3m[NetworkOutDataGathererService] [39m[32mProcessing NetworkOut gathering event, logging inputs[39m
[32m[Nest] 2956  - [39m08/26/2026, 7:25:08 AM [32m    LOG[39m [38;5;3m[NetworkOutDataGathererService] [39m[32m{"rate":"*/5 * * * *","businessID":"biz-tessellate","externalId":"tes-hld-8821","subject":"biz-tessellate","dimensionId":"dim_hld_replica","region":"us-east-1"}[39m
[32m[Nest] 2956  - [39m08/26/2026, 7:25:08 AM [32m    LOG[39m [38;5;3m[NetworkOutDataGathererService] [39m[32mFinished collecting NetworkOut data for 2 instances, 2 customers[39m
[replica] 2 row(s)
